Archive member included because of file (symbol)

c:/freescale/kds_2.0.0/toolchain/bin/../lib/gcc/arm-none-eabi/4.8.0\libgcc.a(_udivsi3.o)
                              ./Sources/Motion.o (__aeabi_uidiv)
c:/freescale/kds_2.0.0/toolchain/bin/../lib/gcc/arm-none-eabi/4.8.0\libgcc.a(_divsi3.o)
                              ./Sources/Motion.o (__aeabi_idiv)
c:/freescale/kds_2.0.0/toolchain/bin/../lib/gcc/arm-none-eabi/4.8.0\libgcc.a(_dvmd_tls.o)
                              c:/freescale/kds_2.0.0/toolchain/bin/../lib/gcc/arm-none-eabi/4.8.0\libgcc.a(_udivsi3.o) (__aeabi_idiv0)
c:/freescale/kds_2.0.0/toolchain/bin/../lib/gcc/arm-none-eabi/4.8.0\libgcc.a(_arm_cmpsf2.o)
                              ./Generated_Code/PwmLdd1.o (__aeabi_fcmpgt)
c:/freescale/kds_2.0.0/toolchain/bin/../lib/gcc/arm-none-eabi/4.8.0\libgcc.a(_fixunssfsi.o)
                              ./Generated_Code/PwmLdd1.o (__aeabi_f2uiz)
c:/freescale/kds_2.0.0/toolchain/bin/../lib/gcc/arm-none-eabi/4.8.0\libgcc.a(eqsf2.o)
                              c:/freescale/kds_2.0.0/toolchain/bin/../lib/gcc/arm-none-eabi/4.8.0\libgcc.a(_arm_cmpsf2.o) (__eqsf2)
c:/freescale/kds_2.0.0/toolchain/bin/../lib/gcc/arm-none-eabi/4.8.0\libgcc.a(gesf2.o)
                              c:/freescale/kds_2.0.0/toolchain/bin/../lib/gcc/arm-none-eabi/4.8.0\libgcc.a(_arm_cmpsf2.o) (__gesf2)
c:/freescale/kds_2.0.0/toolchain/bin/../lib/gcc/arm-none-eabi/4.8.0\libgcc.a(lesf2.o)
                              c:/freescale/kds_2.0.0/toolchain/bin/../lib/gcc/arm-none-eabi/4.8.0\libgcc.a(_arm_cmpsf2.o) (__lesf2)
c:/freescale/kds_2.0.0/toolchain/bin/../lib/gcc/arm-none-eabi/4.8.0\libgcc.a(mulsf3.o)
                              ./Generated_Code/PwmLdd1.o (__aeabi_fmul)
c:/freescale/kds_2.0.0/toolchain/bin/../lib/gcc/arm-none-eabi/4.8.0\libgcc.a(subsf3.o)
                              c:/freescale/kds_2.0.0/toolchain/bin/../lib/gcc/arm-none-eabi/4.8.0\libgcc.a(_fixunssfsi.o) (__aeabi_fsub)
c:/freescale/kds_2.0.0/toolchain/bin/../lib/gcc/arm-none-eabi/4.8.0\libgcc.a(fixsfsi.o)
                              c:/freescale/kds_2.0.0/toolchain/bin/../lib/gcc/arm-none-eabi/4.8.0\libgcc.a(_fixunssfsi.o) (__aeabi_f2iz)
c:/freescale/kds_2.0.0/toolchain/bin/../lib/gcc/arm-none-eabi/4.8.0\libgcc.a(floatsisf.o)
                              ./Generated_Code/PwmLdd1.o (__aeabi_i2f)
c:/freescale/kds_2.0.0/toolchain/bin/../lib/gcc/arm-none-eabi/4.8.0\libgcc.a(_thumb1_case_uqi.o)
                              c:/freescale/kds_2.0.0/toolchain/bin/../lib/gcc/arm-none-eabi/4.8.0\libgcc.a(mulsf3.o) (__gnu_thumb1_case_uqi)
c:/freescale/kds_2.0.0/toolchain/bin/../lib/gcc/arm-none-eabi/4.8.0\libgcc.a(_clzsi2.o)
                              c:/freescale/kds_2.0.0/toolchain/bin/../lib/gcc/arm-none-eabi/4.8.0\libgcc.a(mulsf3.o) (__clzsi2)
c:/freescale/kds_2.0.0/toolchain/bin/../lib/gcc/arm-none-eabi/4.8.0/../../../../arm-none-eabi/lib\libg_s.a(lib_a-atexit.o)
                              c:/freescale/kds_2.0.0/toolchain/bin/../lib/gcc/arm-none-eabi/4.8.0/../../../../arm-none-eabi/lib/crt0.o (atexit)
c:/freescale/kds_2.0.0/toolchain/bin/../lib/gcc/arm-none-eabi/4.8.0/../../../../arm-none-eabi/lib\libg_s.a(lib_a-atoi.o)
                              ./Sources/Application.o (atoi)
c:/freescale/kds_2.0.0/toolchain/bin/../lib/gcc/arm-none-eabi/4.8.0/../../../../arm-none-eabi/lib\libg_s.a(lib_a-ctype_.o)
                              ./Generated_Code/CLS1.o (__ctype_ptr__)
c:/freescale/kds_2.0.0/toolchain/bin/../lib/gcc/arm-none-eabi/4.8.0/../../../../arm-none-eabi/lib\libg_s.a(lib_a-exit.o)
                              c:/freescale/kds_2.0.0/toolchain/bin/../lib/gcc/arm-none-eabi/4.8.0/../../../../arm-none-eabi/lib/crt0.o (exit)
c:/freescale/kds_2.0.0/toolchain/bin/../lib/gcc/arm-none-eabi/4.8.0/../../../../arm-none-eabi/lib\libg_s.a(lib_a-fini.o)
                              c:/freescale/kds_2.0.0/toolchain/bin/../lib/gcc/arm-none-eabi/4.8.0/../../../../arm-none-eabi/lib\libg_s.a(lib_a-exit.o) (__libc_fini_array)
c:/freescale/kds_2.0.0/toolchain/bin/../lib/gcc/arm-none-eabi/4.8.0/../../../../arm-none-eabi/lib\libg_s.a(lib_a-impure.o)
                              c:/freescale/kds_2.0.0/toolchain/bin/../lib/gcc/arm-none-eabi/4.8.0/../../../../arm-none-eabi/lib\libg_s.a(lib_a-exit.o) (_global_impure_ptr)
c:/freescale/kds_2.0.0/toolchain/bin/../lib/gcc/arm-none-eabi/4.8.0/../../../../arm-none-eabi/lib\libg_s.a(lib_a-memcpy.o)
                              ./Sources/Application.o (memcpy)
c:/freescale/kds_2.0.0/toolchain/bin/../lib/gcc/arm-none-eabi/4.8.0/../../../../arm-none-eabi/lib\libg_s.a(lib_a-memset.o)
                              c:/freescale/kds_2.0.0/toolchain/bin/../lib/gcc/arm-none-eabi/4.8.0/../../../../arm-none-eabi/lib/crt0.o (memset)
c:/freescale/kds_2.0.0/toolchain/bin/../lib/gcc/arm-none-eabi/4.8.0/../../../../arm-none-eabi/lib\libg_s.a(lib_a-strchr.o)
                              ./Generated_Code/UTIL1.o (strchr)
[...]
Memory Configuration

Name             Origin             Length             Attributes
m_interrupts     0x00000000         0x000000c0         xr
m_text           0x00000410         0x0001fbf0         xr
m_data           0x1ffff000         0x00004000         rw
m_cfmprotrom     0x00000400         0x00000010         xr
*default*        0x00000000         0xffffffff

Linker script and memory map

LOAD c:/freescale/kds_2.0.0/toolchain/bin/../lib/gcc/arm-none-eabi/4.8.0/crti.o
LOAD c:/freescale/kds_2.0.0/toolchain/bin/../lib/gcc/arm-none-eabi/4.8.0/crtbegin.o
LOAD c:/freescale/kds_2.0.0/toolchain/bin/../lib/gcc/arm-none-eabi/4.8.0/../../../../arm-none-eabi/lib/crt0.o
LOAD ./Sources/Application.o
LOAD ./Sources/ESP8266.o
LOAD ./Sources/Events.o
LOAD ./Sources/Motion.o
LOAD ./Sources/Shell.o
LOAD ./Sources/main.o
LOAD ./Project_Settings/Startup_Code/startup.o
LOAD ./Generated_Code/AS1.o
LOAD ./Generated_Code/AS2.o
LOAD ./Generated_Code/ASerialLdd1.o
LOAD ./Generated_Code/ASerialLdd2.o
LOAD ./Generated_Code/BitIoLdd1.o
LOAD ./Generated_Code/BitIoLdd10.o
LOAD ./Generated_Code/BitIoLdd11.o
LOAD ./Generated_Code/BitIoLdd12.o
LOAD ./Generated_Code/BitIoLdd13.o
LOAD ./Generated_Code/BitIoLdd14.o
LOAD ./Generated_Code/BitIoLdd2.o
LOAD ./Generated_Code/BitIoLdd3.o
LOAD ./Generated_Code/BitIoLdd4.o
LOAD ./Generated_Code/BitIoLdd5.o
LOAD ./Generated_Code/BitIoLdd6.o
LOAD ./Generated_Code/BitIoLdd7.o
LOAD ./Generated_Code/BitIoLdd8.o
LOAD ./Generated_Code/BitIoLdd9.o
LOAD ./Generated_Code/CLS1.o
LOAD ./Generated_Code/CS1.o
LOAD ./Generated_Code/Cpu.o
LOAD ./Generated_Code/FAN.o
LOAD ./Generated_Code/FL1.o
LOAD ./Generated_Code/FL2.o
LOAD ./Generated_Code/FLE.o
LOAD ./Generated_Code/FR1.o
LOAD ./Generated_Code/FR2.o
LOAD ./Generated_Code/FRE.o
LOAD ./Generated_Code/I_BL.o
LOAD ./Generated_Code/LEDL.o
LOAD ./Generated_Code/LEDR.o
LOAD ./Generated_Code/MOTFL.o
LOAD ./Generated_Code/MOTFR.o
LOAD ./Generated_Code/MOTRL.o
LOAD ./Generated_Code/MOTRR.o
LOAD ./Generated_Code/PE_LDD.o
LOAD ./Generated_Code/PwmLdd1.o
LOAD ./Generated_Code/PwmLdd2.o
LOAD ./Generated_Code/PwmLdd3.o
LOAD ./Generated_Code/PwmLdd4.o
LOAD ./Generated_Code/PwmLdd5.o
LOAD ./Generated_Code/PwmLdd6.o
LOAD ./Generated_Code/RL1.o
LOAD ./Generated_Code/RL2.o
LOAD ./Generated_Code/RLE.o
LOAD ./Generated_Code/RR1.o
LOAD ./Generated_Code/RR2.o
LOAD ./Generated_Code/RRE.o
LOAD ./Generated_Code/TU1.o
LOAD ./Generated_Code/TU2.o
LOAD ./Generated_Code/UTIL1.o
LOAD ./Generated_Code/Vectors.o
LOAD ./Generated_Code/WAIT1.o
LOAD c:/freescale/kds_2.0.0/toolchain/bin/../lib/gcc/arm-none-eabi/4.8.0/../../../../arm-none-eabi/lib\libstdc++.a
LOAD c:/freescale/kds_2.0.0/toolchain/bin/../lib/gcc/arm-none-eabi/4.8.0/../../../../arm-none-eabi/lib\libm.a
START GROUP
LOAD c:/freescale/kds_2.0.0/toolchain/bin/../lib/gcc/arm-none-eabi/4.8.0\libgcc.a
LOAD c:/freescale/kds_2.0.0/toolchain/bin/../lib/gcc/arm-none-eabi/4.8.0/../../../../arm-none-eabi/lib\libg_s.a
LOAD c:/freescale/kds_2.0.0/toolchain/bin/../lib/gcc/arm-none-eabi/4.8.0/../../../../arm-none-eabi/lib\libc_s.a
END GROUP
LOAD c:/freescale/kds_2.0.0/toolchain/bin/../lib/gcc/arm-none-eabi/4.8.0/crtend.o
LOAD c:/freescale/kds_2.0.0/toolchain/bin/../lib/gcc/arm-none-eabi/4.8.0/crtn.o
                0x20003000                _estack = 0x20003000
                0x20003000                __SP_INIT = _estack
                0x00000000                __heap_size = 0x0
                0x00000400                __stack_size = 0x400

.interrupts     0x00000000       0xc0
                0x00000000                __vector_table = .
                0x00000000                . = ALIGN (0x4)
 *(.vectortable)
 .vectortable   0x00000000       0xc0 ./Generated_Code/Vectors.o
                0x00000000                __vect_table
                0x000000c0                . = ALIGN (0x4)

.cfmprotect     0x00000400       0x10
                0x00000400                . = ALIGN (0x4)
 *(.cfmconfig)
 .cfmconfig     0x00000400       0x10 ./Generated_Code/Cpu.o
                0x00000400                _cfm
                0x00000410                . = ALIGN (0x4)

.text           0x00000410     0x5ebc
                0x00000410                . = ALIGN (0x4)
 *(.text)
 .text          0x00000410       0x9c c:/freescale/kds_2.0.0/toolchain/bin/../lib/gcc/arm-none-eabi/4.8.0\libgcc.a(_udivsi3.o)
                0x00000410                __aeabi_uidiv
                0x00000410                __udivsi3
                0x00000498                __aeabi_uidivmod
 .text          0x000004ac       0xc0 c:/freescale/kds_2.0.0/toolchain/bin/../lib/gcc/arm-none-eabi/4.8.0\libgcc.a(_divsi3.o)
                0x000004ac                __divsi3
                0x000004ac                __aeabi_idiv
                0x00000558                __aeabi_idivmod
 .text          0x0000056c        0x4 c:/freescale/kds_2.0.0/toolchain/bin/../lib/gcc/arm-none-eabi/4.8.0\libgcc.a(_dvmd_tls.o)
                0x0000056c                __aeabi_idiv0
                0x0000056c                __aeabi_ldiv0
 *(.text*)
 .text.deregister_tm_clones
                0x00000570       0x24 c:/freescale/kds_2.0.0/toolchain/bin/../lib/gcc/arm-none-eabi/4.8.0/crtbegin.o
 .text.register_tm_clones
                0x00000594       0x28 c:/freescale/kds_2.0.0/toolchain/bin/../lib/gcc/arm-none-eabi/4.8.0/crtbegin.o
 .text.__do_global_dtors_aux
                0x000005bc       0x30 c:/freescale/kds_2.0.0/toolchain/bin/../lib/gcc/arm-none-eabi/4.8.0/crtbegin.o
 .text.frame_dummy
                0x000005ec       0x3c c:/freescale/kds_2.0.0/toolchain/bin/../lib/gcc/arm-none-eabi/4.8.0/crtbegin.o
 .text.WebProcess
                0x00000628       0xd4 ./Sources/Application.o
 .text.parserDanych
                0x000006fc      0x100 ./Sources/Application.o
                0x000006fc                parserDanych
 .text.APP_Run  0x000007fc       0xec ./Sources/Application.o
                0x000007fc                APP_Run
 .text.UTIL_ScanDoubleQuotedString
                0x000008e8       0x98 ./Sources/ESP8266.o
                0x000008e8                UTIL_ScanDoubleQuotedString
 .text.SkipNewLines
                0x00000980       0x30 ./Sources/ESP8266.o
 .text.ESP_ReadCharsUntil
                0x000009b0       0xc4 ./Sources/ESP8266.o
                0x000009b0                ESP_ReadCharsUntil
 .text.RxResponse
                0x00000a74       0xd8 ./Sources/ESP8266.o
 .text.ESP_SendATCommand
                0x00000b4c       0xb8 ./Sources/ESP8266.o
                0x00000b4c                ESP_SendATCommand
 .text.ESP_TestAT
                0x00000c04       0x3c ./Sources/ESP8266.o
                0x00000c04                ESP_TestAT
 .text.ESP_Restart
                0x00000c40       0xa0 ./Sources/ESP8266.o
                0x00000c40                ESP_Restart
 .text.ESP_SetNumberOfConnections
                0x00000ce0       0xa8 ./Sources/ESP8266.o
                0x00000ce0                ESP_SetNumberOfConnections
 .text.ESP_SetServer
                0x00000d88      0x150 ./Sources/ESP8266.o
                0x00000d88                ESP_SetServer
 .text.ESP_GetFirmwareVersionString
                0x00000ed8       0xdc ./Sources/ESP8266.o
                0x00000ed8                ESP_GetFirmwareVersionString
 .text.ESP_GetIPAddrString
                0x00000fb4       0xe4 ./Sources/ESP8266.o
                0x00000fb4                ESP_GetIPAddrString
 .text.ESP_GetModeString
                0x00001098       0xb4 ./Sources/ESP8266.o
                0x00001098                ESP_GetModeString
 .text.ESP_GetCIPMUXString
                0x0000114c       0xb4 ./Sources/ESP8266.o
                0x0000114c                ESP_GetCIPMUXString
 .text.ESP_GetConnectedAPString
                0x00001200       0xb8 ./Sources/ESP8266.o
                0x00001200                ESP_GetConnectedAPString
 .text.JoinAccessPoint
                0x000012b8       0xe4 ./Sources/ESP8266.o
 .text.ESP_JoinAP
                0x0000139c       0x58 ./Sources/ESP8266.o
                0x0000139c                ESP_JoinAP
 .text.ESP_StartWebServer
                0x000013f4       0xf0 ./Sources/ESP8266.o
                0x000013f4                ESP_StartWebServer
 .text.ESP_SendStr
                0x000014e4       0xac ./Sources/ESP8266.o
                0x000014e4                ESP_SendStr
 .text.ESP_PrintHelp
                0x00001590       0x94 ./Sources/ESP8266.o
 .text.ESP_PrintStatus
                0x00001624      0x2e0 ./Sources/ESP8266.o
 .text.ESP_ParseCommand
                0x00001904      0x2ec ./Sources/ESP8266.o
                0x00001904                ESP_ParseCommand
 .text.ESP_Init
                0x00001bf0        0xc ./Sources/ESP8266.o
                0x00001bf0                ESP_Init
 .text.ESP_WebStarter
                0x00001bfc       0x18 ./Sources/ESP8266.o
                0x00001bfc                ESP_WebStarter
 .text.Cpu_OnNMIINT
                0x00001c14        0x8 ./Sources/Events.o
                0x00001c14                Cpu_OnNMIINT
 .text.set_right
                0x00001c1c       0x68 ./Sources/Motion.o
                0x00001c1c                set_right
 .text.set_left
                0x00001c84       0x68 ./Sources/Motion.o
                0x00001c84                set_left
 .text.l_direction
                0x00001cec       0xc4 ./Sources/Motion.o
                0x00001cec                l_direction
 .text.r_direction
                0x00001db0       0xc4 ./Sources/Motion.o
                0x00001db0                r_direction
 .text.info     0x00001e74       0x80 ./Sources/Motion.o
 .text.set_l_diff
                0x00001ef4      0x178 ./Sources/Motion.o
                0x00001ef4                set_l_diff
 .text.set_r_diff
                0x0000206c      0x178 ./Sources/Motion.o
                0x0000206c                set_r_diff
 .text.set_moc_max
                0x000021e4      0x17c ./Sources/Motion.o
                0x000021e4                set_moc_max
 .text.driveByVars
                0x00002360       0x84 ./Sources/Motion.o
                0x00002360                driveByVars
 .text.SHELL_Parse
                0x000023e4       0x24 ./Sources/Shell.o
                0x000023e4                SHELL_Parse
 .text.SHELL_Init
                0x00002408       0x14 ./Sources/Shell.o
                0x00002408                SHELL_Init
 .text.main     0x0000241c       0x10 ./Sources/main.o
                0x0000241c                main
 .text.__flush_cache
                0x0000242c       0x10 ./Project_Settings/Startup_Code/startup.o
                0x0000242c                __flush_cache
 .text.__copy_rom_section
                0x0000243c       0xd8 ./Project_Settings/Startup_Code/startup.o
                0x0000243c                __copy_rom_section
 .text.__copy_rom_sections_to_ram
                0x00002514       0xc0 ./Project_Settings/Startup_Code/startup.o
                0x00002514                __copy_rom_sections_to_ram
 .text.zero_fill_bss
                0x000025d4       0xac ./Project_Settings/Startup_Code/startup.o
 .text.__init_registers
                0x00002680        0x8 ./Project_Settings/Startup_Code/startup.o
                0x00002680                __init_registers
 .text.__init_user
                0x00002688        0x8 ./Project_Settings/Startup_Code/startup.o
                0x00002688                __init_user
 .text.__thumb_startup
                0x00002690       0x48 ./Project_Settings/Startup_Code/startup.o
                0x00002690                __thumb_startup
 .text.HWEnDi   0x000026d8       0x20 ./Generated_Code/AS1.o
 .text.AS1_RecvChar
                0x000026f8       0xe8 ./Generated_Code/AS1.o
                0x000026f8                AS1_RecvChar
 .text.AS1_SendChar
                0x000027e0       0xf4 ./Generated_Code/AS1.o
                0x000027e0                AS1_SendChar
 .text.AS1_GetCharsInRxBuf
                0x000028d4       0x14 ./Generated_Code/AS1.o
                0x000028d4                AS1_GetCharsInRxBuf
 .text.AS1_Init
                0x000028e8       0x64 ./Generated_Code/AS1.o
                0x000028e8                AS1_Init
 .text.ASerialLdd1_OnBlockReceived
                0x0000294c       0x7c ./Generated_Code/AS1.o
                0x0000294c                ASerialLdd1_OnBlockReceived
 .text.ASerialLdd1_OnBlockSent
                0x000029c8       0x8c ./Generated_Code/AS1.o
                0x000029c8                ASerialLdd1_OnBlockSent
 .text.ASerialLdd1_OnError
                0x00002a54       0x90 ./Generated_Code/AS1.o
                0x00002a54                ASerialLdd1_OnError
 .text.ASerialLdd1_OnBreak
                0x00002ae4       0x20 ./Generated_Code/AS1.o
                0x00002ae4                ASerialLdd1_OnBreak
 .text.HWEnDi   0x00002b04       0x20 ./Generated_Code/AS2.o
 .text.AS2_RecvChar
                0x00002b24       0xec ./Generated_Code/AS2.o
                0x00002b24                AS2_RecvChar
 .text.AS2_SendBlock
                0x00002c10      0x144 ./Generated_Code/AS2.o
                0x00002c10                AS2_SendBlock
 .text.AS2_ClearRxBuf
                0x00002d54       0x78 ./Generated_Code/AS2.o
                0x00002d54                AS2_ClearRxBuf
 .text.AS2_GetCharsInRxBuf
                0x00002dcc       0x14 ./Generated_Code/AS2.o
                0x00002dcc                AS2_GetCharsInRxBuf
 .text.AS2_Init
                0x00002de0       0x64 ./Generated_Code/AS2.o
                0x00002de0                AS2_Init
 .text.ASerialLdd2_OnBlockReceived
                0x00002e44       0x84 ./Generated_Code/AS2.o
                0x00002e44                ASerialLdd2_OnBlockReceived
 .text.ASerialLdd2_OnBlockSent
                0x00002ec8       0x8c ./Generated_Code/AS2.o
                0x00002ec8                ASerialLdd2_OnBlockSent
 .text.ASerialLdd2_OnError
                0x00002f54       0x90 ./Generated_Code/AS2.o
                0x00002f54                ASerialLdd2_OnError
 .text.ASerialLdd2_OnBreak
                0x00002fe4       0x20 ./Generated_Code/AS2.o
                0x00002fe4                ASerialLdd2_OnBreak
 .text.ASerialLdd1_Init
                0x00003004      0x1bc ./Generated_Code/ASerialLdd1.o
                0x00003004                ASerialLdd1_Init
 .text.ASerialLdd1_ReceiveBlock
                0x000031c0       0x98 ./Generated_Code/ASerialLdd1.o
                0x000031c0                ASerialLdd1_ReceiveBlock
 .text.ASerialLdd1_SendBlock
                0x00003258       0xc4 ./Generated_Code/ASerialLdd1.o
                0x00003258                ASerialLdd1_SendBlock
 .text.InterruptRx
                0x0000331c       0x58 ./Generated_Code/ASerialLdd1.o
 .text.InterruptTx
                0x00003374       0x80 ./Generated_Code/ASerialLdd1.o
 .text.ASerialLdd1_Interrupt
                0x000033f4       0xec ./Generated_Code/ASerialLdd1.o
                0x000033f4                ASerialLdd1_Interrupt
 .text.ASerialLdd1_GetError
                0x000034e0       0x74 ./Generated_Code/ASerialLdd1.o
                0x000034e0                ASerialLdd1_GetError
 .text.ASerialLdd2_Init
                0x00003554      0x170 ./Generated_Code/ASerialLdd2.o
                0x00003554                ASerialLdd2_Init
 .text.ASerialLdd2_ReceiveBlock
                0x000036c4       0x98 ./Generated_Code/ASerialLdd2.o
                0x000036c4                ASerialLdd2_ReceiveBlock
 .text.ASerialLdd2_SendBlock
                0x0000375c       0xc4 ./Generated_Code/ASerialLdd2.o
                0x0000375c                ASerialLdd2_SendBlock
 .text.InterruptRx
                0x00003820       0x58 ./Generated_Code/ASerialLdd2.o
 .text.InterruptTx
                0x00003878       0x80 ./Generated_Code/ASerialLdd2.o
 .text.ASerialLdd2_Interrupt
                0x000038f8       0xe8 ./Generated_Code/ASerialLdd2.o
                0x000038f8                ASerialLdd2_Interrupt
 .text.ASerialLdd2_GetError
                0x000039e0       0x74 ./Generated_Code/ASerialLdd2.o
                0x000039e0                ASerialLdd2_GetError
 .text.BitIoLdd1_Init
                0x00003a54       0x60 ./Generated_Code/BitIoLdd1.o
                0x00003a54                BitIoLdd1_Init
 .text.BitIoLdd1_PutVal
                0x00003ab4       0x30 ./Generated_Code/BitIoLdd1.o
                0x00003ab4                BitIoLdd1_PutVal
 .text.BitIoLdd10_Init
                0x00003ae4       0x60 ./Generated_Code/BitIoLdd10.o
                0x00003ae4                BitIoLdd10_Init
 .text.BitIoLdd10_PutVal
                0x00003b44       0x30 ./Generated_Code/BitIoLdd10.o
                0x00003b44                BitIoLdd10_PutVal
 .text.BitIoLdd11_Init
                0x00003b74       0x68 ./Generated_Code/BitIoLdd11.o
                0x00003b74                BitIoLdd11_Init
 .text.BitIoLdd11_PutVal
                0x00003bdc       0x34 ./Generated_Code/BitIoLdd11.o
                0x00003bdc                BitIoLdd11_PutVal
 .text.BitIoLdd12_Init
                0x00003c10       0x68 ./Generated_Code/BitIoLdd12.o
                0x00003c10                BitIoLdd12_Init
 .text.BitIoLdd12_PutVal
                0x00003c78       0x34 ./Generated_Code/BitIoLdd12.o
                0x00003c78                BitIoLdd12_PutVal
 .text.BitIoLdd13_Init
                0x00003cac       0x60 ./Generated_Code/BitIoLdd13.o
                0x00003cac                BitIoLdd13_Init
 .text.BitIoLdd13_PutVal
                0x00003d0c       0x30 ./Generated_Code/BitIoLdd13.o
                0x00003d0c                BitIoLdd13_PutVal
 .text.BitIoLdd14_Init
                0x00003d3c       0x68 ./Generated_Code/BitIoLdd14.o
                0x00003d3c                BitIoLdd14_Init
 .text.BitIoLdd14_PutVal
                0x00003da4       0x34 ./Generated_Code/BitIoLdd14.o
                0x00003da4                BitIoLdd14_PutVal
 .text.BitIoLdd2_Init
                0x00003dd8       0x60 ./Generated_Code/BitIoLdd2.o
                0x00003dd8                BitIoLdd2_Init
 .text.BitIoLdd2_PutVal
                0x00003e38       0x30 ./Generated_Code/BitIoLdd2.o
                0x00003e38                BitIoLdd2_PutVal
 .text.BitIoLdd3_Init
                0x00003e68       0x60 ./Generated_Code/BitIoLdd3.o
                0x00003e68                BitIoLdd3_Init
 .text.BitIoLdd3_PutVal
                0x00003ec8       0x30 ./Generated_Code/BitIoLdd3.o
                0x00003ec8                BitIoLdd3_PutVal
 .text.BitIoLdd4_Init
                0x00003ef8       0x60 ./Generated_Code/BitIoLdd4.o
                0x00003ef8                BitIoLdd4_Init
 .text.BitIoLdd4_PutVal
                0x00003f58       0x30 ./Generated_Code/BitIoLdd4.o
                0x00003f58                BitIoLdd4_PutVal
 .text.BitIoLdd5_Init
                0x00003f88       0x68 ./Generated_Code/BitIoLdd5.o
                0x00003f88                BitIoLdd5_Init
 .text.BitIoLdd5_PutVal
                0x00003ff0       0x34 ./Generated_Code/BitIoLdd5.o
                0x00003ff0                BitIoLdd5_PutVal
 .text.BitIoLdd6_Init
                0x00004024       0x68 ./Generated_Code/BitIoLdd6.o
                0x00004024                BitIoLdd6_Init
 .text.BitIoLdd6_PutVal
                0x0000408c       0x34 ./Generated_Code/BitIoLdd6.o
                0x0000408c                BitIoLdd6_PutVal
 .text.BitIoLdd7_Init
                0x000040c0       0x60 ./Generated_Code/BitIoLdd7.o
                0x000040c0                BitIoLdd7_Init
 .text.BitIoLdd7_PutVal
                0x00004120       0x30 ./Generated_Code/BitIoLdd7.o
                0x00004120                BitIoLdd7_PutVal
 .text.BitIoLdd8_Init
                0x00004150       0x60 ./Generated_Code/BitIoLdd8.o
                0x00004150                BitIoLdd8_Init
 .text.BitIoLdd8_PutVal
                0x000041b0       0x30 ./Generated_Code/BitIoLdd8.o
                0x000041b0                BitIoLdd8_PutVal
 .text.BitIoLdd9_Init
                0x000041e0       0x60 ./Generated_Code/BitIoLdd9.o
                0x000041e0                BitIoLdd9_Init
 .text.BitIoLdd9_PutVal
                0x00004240       0x30 ./Generated_Code/BitIoLdd9.o
                0x00004240                BitIoLdd9_PutVal
 .text.CLS1_SendStr
                0x00004270       0x28 ./Generated_Code/CLS1.o
                0x00004270                CLS1_SendStr
 .text.CLS1_ParseCommand
                0x00004298      0x12c ./Generated_Code/CLS1.o
                0x00004298                CLS1_ParseCommand
 .text.CLS1_PrintPrompt
                0x000043c4       0x20 ./Generated_Code/CLS1.o
                0x000043c4                CLS1_PrintPrompt
 .text.CLS1_ReadLine
                0x000043e4      0x128 ./Generated_Code/CLS1.o
                0x000043e4                CLS1_ReadLine
 .text.CLS1_PrintStatus
                0x0000450c       0xb0 ./Generated_Code/CLS1.o
                0x0000450c                CLS1_PrintStatus
 .text.CLS1_PrintCommandFailed
                0x000045bc       0x78 ./Generated_Code/CLS1.o
                0x000045bc                CLS1_PrintCommandFailed
 .text.CLS1_IterateTable
                0x00004634       0x58 ./Generated_Code/CLS1.o
                0x00004634                CLS1_IterateTable
 .text.CLS1_ParseWithCommandTable
                0x0000468c       0xb0 ./Generated_Code/CLS1.o
                0x0000468c                CLS1_ParseWithCommandTable
 .text.CLS1_GetStdio
                0x0000473c       0x14 ./Generated_Code/CLS1.o
                0x0000473c                CLS1_GetStdio
 .text.CLS1_ReadAndParseWithCommandTable
                0x00004750       0xf4 ./Generated_Code/CLS1.o
                0x00004750                CLS1_ReadAndParseWithCommandTable
 .text.SendSeparatedStrings
                0x00004844       0x7c ./Generated_Code/CLS1.o
 .text.CLS1_SendHelpStr
                0x000048c0       0x28 ./Generated_Code/CLS1.o
                0x000048c0                CLS1_SendHelpStr
 .text.CLS1_SendStatusStr
                0x000048e8       0x28 ./Generated_Code/CLS1.o
                0x000048e8                CLS1_SendStatusStr
 .text.CLS1_ReadChar
                0x00004910       0x30 ./Generated_Code/CLS1.o
                0x00004910                CLS1_ReadChar
 .text.CLS1_SendChar
                0x00004940       0x40 ./Generated_Code/CLS1.o
                0x00004940                CLS1_SendChar
 .text.CLS1_KeyPressed
                0x00004980       0x24 ./Generated_Code/CLS1.o
                0x00004980                CLS1_KeyPressed
 .text.CLS1_Init
                0x000049a4        0x8 ./Generated_Code/CLS1.o
                0x000049a4                CLS1_Init
 .text.Cpu_INT_NMIInterrupt
                0x000049ac        0xc ./Generated_Code/Cpu.o
                0x000049ac                Cpu_INT_NMIInterrupt
 .text.Cpu_Interrupt
                0x000049b8        0xc ./Generated_Code/Cpu.o
                0x000049b8                Cpu_Interrupt
 .text.__init_hardware
                0x000049c4      0x110 ./Generated_Code/Cpu.o
                0x000049c4                __init_hardware
 .text.PE_low_level_init
                0x00004ad4      0x14c ./Generated_Code/Cpu.o
                0x00004ad4                PE_low_level_init
 .text.PwmLdd1_Init
                0x00004c20       0x54 ./Generated_Code/PwmLdd1.o
                0x00004c20                PwmLdd1_Init
 .text.PwmLdd1_SetRatio16
                0x00004c74       0x2c ./Generated_Code/PwmLdd1.o
                0x00004c74                PwmLdd1_SetRatio16
 .text.SetRatio
                0x00004ca0       0x68 ./Generated_Code/PwmLdd1.o
 .text.PwmLdd2_Init
                0x00004d08       0x54 ./Generated_Code/PwmLdd2.o
                0x00004d08                PwmLdd2_Init
 .text.PwmLdd2_SetRatio16
                0x00004d5c       0x2c ./Generated_Code/PwmLdd2.o
                0x00004d5c                PwmLdd2_SetRatio16
 .text.SetRatio
                0x00004d88       0x68 ./Generated_Code/PwmLdd2.o
 .text.PwmLdd3_Init
                0x00004df0       0x58 ./Generated_Code/PwmLdd3.o
                0x00004df0                PwmLdd3_Init
 .text.PwmLdd3_SetRatio16
                0x00004e48       0x2c ./Generated_Code/PwmLdd3.o
                0x00004e48                PwmLdd3_SetRatio16
 .text.SetRatio
                0x00004e74       0x68 ./Generated_Code/PwmLdd3.o
 .text.PwmLdd4_Init
                0x00004edc       0x58 ./Generated_Code/PwmLdd4.o
                0x00004edc                PwmLdd4_Init
 .text.PwmLdd4_SetRatio16
                0x00004f34       0x2c ./Generated_Code/PwmLdd4.o
                0x00004f34                PwmLdd4_SetRatio16
 .text.SetRatio
                0x00004f60       0x68 ./Generated_Code/PwmLdd4.o
 .text.PwmLdd5_Init
                0x00004fc8       0x58 ./Generated_Code/PwmLdd5.o
                0x00004fc8                PwmLdd5_Init
 .text.PwmLdd5_SetRatio16
                0x00005020       0x2c ./Generated_Code/PwmLdd5.o
                0x00005020                PwmLdd5_SetRatio16
 .text.SetRatio
                0x0000504c       0x68 ./Generated_Code/PwmLdd5.o
 .text.PwmLdd6_Init
                0x000050b4       0x58 ./Generated_Code/PwmLdd6.o
                0x000050b4                PwmLdd6_Init
 .text.PwmLdd6_SetRatio16
                0x0000510c       0x2c ./Generated_Code/PwmLdd6.o
                0x0000510c                PwmLdd6_SetRatio16
 .text.SetRatio
                0x00005138       0x68 ./Generated_Code/PwmLdd6.o
 .text.TU1_Init
                0x000051a0       0xe0 ./Generated_Code/TU1.o
                0x000051a0                TU1_Init
 .text.TU1_GetPeriodTicks
                0x00005280       0x3c ./Generated_Code/TU1.o
                0x00005280                TU1_GetPeriodTicks
 .text.TU1_SetOffsetTicks
                0x000052bc       0x58 ./Generated_Code/TU1.o
                0x000052bc                TU1_SetOffsetTicks
 .text.TU2_Init
                0x00005314      0x134 ./Generated_Code/TU2.o
                0x00005314                TU2_Init
 .text.TU2_GetPeriodTicks
                0x00005448       0x3c ./Generated_Code/TU2.o
                0x00005448                TU2_GetPeriodTicks
 .text.TU2_SetOffsetTicks
                0x00005484       0x58 ./Generated_Code/TU2.o
                0x00005484                TU2_SetOffsetTicks
 .text.UTIL1_strcpy
                0x000054dc       0x44 ./Generated_Code/UTIL1.o
                0x000054dc                UTIL1_strcpy
 .text.UTIL1_strcat
                0x00005520       0x60 ./Generated_Code/UTIL1.o
                0x00005520                UTIL1_strcat
 .text.UTIL1_Num8uToStr
                0x00005580       0x28 ./Generated_Code/UTIL1.o
                0x00005580                UTIL1_Num8uToStr
 .text.UTIL1_Num16uToStr
                0x000055a8      0x130 ./Generated_Code/UTIL1.o
                0x000055a8                UTIL1_Num16uToStr
 .text.UTIL1_strcatNum8u
                0x000056d8       0x38 ./Generated_Code/UTIL1.o
                0x000056d8                UTIL1_strcatNum8u
 .text.UTIL1_strcatNum16u
                0x00005710       0x38 ./Generated_Code/UTIL1.o
                0x00005710                UTIL1_strcatNum16u
 .text.UTIL1_strtailcmp
                0x00005748       0x64 ./Generated_Code/UTIL1.o
                0x00005748                UTIL1_strtailcmp
 .text.UTIL1_strCutTail
                0x000057ac       0x50 ./Generated_Code/UTIL1.o
                0x000057ac                UTIL1_strCutTail
 .text.WAIT1_Wait10Cycles
                0x000057fc        0x8 ./Generated_Code/WAIT1.o
                0x000057fc                WAIT1_Wait10Cycles
 .text.WAIT1_Wait100Cycles
                0x00005804       0x18 ./Generated_Code/WAIT1.o
                0x00005804                WAIT1_Wait100Cycles
 .text.WAIT1_WaitCycles
                0x0000581c       0x44 ./Generated_Code/WAIT1.o
                0x0000581c                WAIT1_WaitCycles
 .text.WAIT1_WaitLongCycles
                0x00005860       0x3c ./Generated_Code/WAIT1.o
                0x00005860                WAIT1_WaitLongCycles
 .text.WAIT1_Waitms
                0x0000589c       0x38 ./Generated_Code/WAIT1.o
                0x0000589c                WAIT1_Waitms
 .text.atoi     0x000058d4        0xc c:/freescale/kds_2.0.0/toolchain/bin/../lib/gcc/arm-none-eabi/4.8.0/../../../../arm-none-eabi/lib\libg_s.a(lib_a-atoi.o)
                0x000058d4                atoi
 .text.memcpy   0x000058e0       0x12 c:/freescale/kds_2.0.0/toolchain/bin/../lib/gcc/arm-none-eabi/4.8.0/../../../../arm-none-eabi/lib\libg_s.a(lib_a-memcpy.o)
                0x000058e0                memcpy
 .text.strcmp   0x000058f2       0x14 c:/freescale/kds_2.0.0/toolchain/bin/../lib/gcc/arm-none-eabi/4.8.0/../../../../arm-none-eabi/lib\libg_s.a(lib_a-strcmp.o)
                0x000058f2                strcmp
 .text.strlen   0x00005906        0xe c:/freescale/kds_2.0.0/toolchain/bin/../lib/gcc/arm-none-eabi/4.8.0/../../../../arm-none-eabi/lib\libg_s.a(lib_a-strlen.o)
                0x00005906                strlen
 .text.strncmp  0x00005914       0x2c c:/freescale/kds_2.0.0/toolchain/bin/../lib/gcc/arm-none-eabi/4.8.0/../../../../arm-none-eabi/lib\libg_s.a(lib_a-strncmp.o)
                0x00005914                strncmp
 .text._strtol_r
                0x00005940      0x11c c:/freescale/kds_2.0.0/toolchain/bin/../lib/gcc/arm-none-eabi/4.8.0/../../../../arm-none-eabi/lib\libg_s.a(lib_a-strtol.o)
                0x00005940                _strtol_r
 .text.strtol   0x00005a5c       0x1c c:/freescale/kds_2.0.0/toolchain/bin/../lib/gcc/arm-none-eabi/4.8.0/../../../../arm-none-eabi/lib\libg_s.a(lib_a-strtol.o)
                0x00005a5c                strtol
 *(.rodata)
 .rodata        0x00005a78       0x48 ./Sources/Application.o
 .rodata        0x00005ac0      0x550 ./Sources/ESP8266.o
 .rodata        0x00006010      0x174 ./Generated_Code/CLS1.o
 *(.rodata*)
 .rodata.CmdParserTable
                0x00006184        0xc ./Sources/Shell.o
 .rodata.CLS1_stdio
                0x00006190       0x10 ./Generated_Code/CLS1.o
 .rodata.ChannelDevice
                0x000061a0        0x4 ./Generated_Code/TU1.o
 .rodata.ChannelMode
                0x000061a4        0x4 ./Generated_Code/TU1.o
 .rodata.ChannelDevice
                0x000061a8        0x4 ./Generated_Code/TU2.o
 .rodata.ChannelMode
                0x000061ac        0x4 ./Generated_Code/TU2.o
 .rodata._ctype_
                0x000061b0      0x101 c:/freescale/kds_2.0.0/toolchain/bin/../lib/gcc/arm-none-eabi/4.8.0/../../../../arm-none-eabi/lib\libg_s.a(lib_a-ctype_.o)
                0x000061b0                _ctype_
 .rodata.str1.1
                0x000062b1        0x2 c:/freescale/kds_2.0.0/toolchain/bin/../lib/gcc/arm-none-eabi/4.8.0/../../../../arm-none-eabi/lib\libg_s.a(lib_a-impure.o)
 *(.glue_7)
 .glue_7        0x00000000        0x0 linker stubs
 *(.glue_7t)
 .glue_7t       0x00000000        0x0 linker stubs
 *(.eh_frame)
 *fill*         0x000062b3        0x1 
 .eh_frame      0x000062b4        0x0 c:/freescale/kds_2.0.0/toolchain/bin/../lib/gcc/arm-none-eabi/4.8.0/crtbegin.o
 *(.init)
 .init          0x000062b4        0x4 c:/freescale/kds_2.0.0/toolchain/bin/../lib/gcc/arm-none-eabi/4.8.0/crti.o
                0x000062b4                _init
 .init          0x000062b8        0x8 c:/freescale/kds_2.0.0/toolchain/bin/../lib/gcc/arm-none-eabi/4.8.0/crtn.o
 *(.fini)
 .fini          0x000062c0        0x4 c:/freescale/kds_2.0.0/toolchain/bin/../lib/gcc/arm-none-eabi/4.8.0/crti.o
                0x000062c0                _fini
 .fini          0x000062c4        0x8 c:/freescale/kds_2.0.0/toolchain/bin/../lib/gcc/arm-none-eabi/4.8.0/crtn.o
                0x000062cc                . = ALIGN (0x4)
                0x000062cc                _etext = .

.vfp11_veneer   0x000062cc        0x0
 .vfp11_veneer  0x00000000        0x0 linker stubs

.v4_bx          0x000062cc        0x0
 .v4_bx         0x00000000        0x0 linker stubs

.iplt           0x000062cc        0x0
 .iplt          0x00000000        0x0 c:/freescale/kds_2.0.0/toolchain/bin/../lib/gcc/arm-none-eabi/4.8.0/crtbegin.o

.rel.dyn        0x000062cc        0x0
 .rel.iplt      0x00000000        0x0 c:/freescale/kds_2.0.0/toolchain/bin/../lib/gcc/arm-none-eabi/4.8.0/crtbegin.o

.ARM.extab
 *(.ARM.extab* .gnu.linkonce.armextab.*)

.ARM            0x000062cc        0x0
                0x000062cc                __exidx_start = .
 *(.ARM.exidx*)
                0x000062cc                __exidx_end = .

.ctors          0x000062cc        0x0
                0x000062cc                __CTOR_LIST__ = .
 *crtbegin.o(.ctors)
 *(EXCLUDE_FILE(*crtend.o) .ctors)
 *(SORT(.ctors.*))
 *(.ctors)
                0x000062cc                __CTOR_END__ = .

.dtors          0x000062cc        0x0
                0x000062cc                __DTOR_LIST__ = .
 *crtbegin.o(.dtors)
 *(EXCLUDE_FILE(*crtend.o) .dtors)
 *(SORT(.dtors.*))
 *(.dtors)
                0x000062cc                __DTOR_END__ = .

.preinit_array  0x000062cc        0x0
                0x000062cc                PROVIDE (__preinit_array_start, .)
 *(.preinit_array*)
                0x000062cc                PROVIDE (__preinit_array_end, .)

.init_array     0x000062cc        0x4
                0x000062cc                PROVIDE (__init_array_start, .)
 *(SORT(.init_array.*))
 *(.init_array*)
 .init_array    0x000062cc        0x4 c:/freescale/kds_2.0.0/toolchain/bin/../lib/gcc/arm-none-eabi/4.8.0/crtbegin.o
                0x000062d0                PROVIDE (__init_array_end, .)

.fini_array     0x000062d0        0x4
                0x000062d0                PROVIDE (__fini_array_start, .)
 *(SORT(.fini_array.*))
 *(.fini_array*)
 .fini_array    0x000062d0        0x4 c:/freescale/kds_2.0.0/toolchain/bin/../lib/gcc/arm-none-eabi/4.8.0/crtbegin.o
                0x000062d4                PROVIDE (__fini_array_end, .)
                0x000062d4                ___ROM_AT = .

.mtb            0x1ffff000        0x0
                0x1ffff000                . = ALIGN (0x8)
                0x1ffff000                _mtb_start = .
 *(.mtb_buf)
                0x1ffff000                . = ALIGN (0x8)
                0x1ffff000                _mtb_end = .

.data           0x1ffff000      0x2a4 load address 0x000062d4
                0x1ffff000                . = ALIGN (0x4)
                0x1ffff000                _sdata = .
 *(.data)
 *(.data*)
 .data.CLS1_currStdIO
                0x1ffff000        0x4 ./Generated_Code/CLS1.o
 .data.__ctype_ptr__
                0x1ffff004        0x4 c:/freescale/kds_2.0.0/toolchain/bin/../lib/gcc/arm-none-eabi/4.8.0/../../../../arm-none-eabi/lib\libg_s.a(lib_a-ctype_.o)
                0x1ffff004                __ctype_ptr__
 .data.impure_data
                0x1ffff008      0x298 c:/freescale/kds_2.0.0/toolchain/bin/../lib/gcc/arm-none-eabi/4.8.0/../../../../arm-none-eabi/lib\libg_s.a(lib_a-impure.o)
 .data._impure_ptr
                0x1ffff2a0        0x4 c:/freescale/kds_2.0.0/toolchain/bin/../lib/gcc/arm-none-eabi/4.8.0/../../../../arm-none-eabi/lib\libg_s.a(lib_a-impure.o)
                0x1ffff2a0                _impure_ptr
                0x1ffff2a4                . = ALIGN (0x4)
                0x1ffff2a4                _edata = .
                0x000002a4                ___data_size = (_edata - _sdata)

.jcr            0x1ffff2a4        0x0 load address 0x00006578
 .jcr           0x1ffff2a4        0x0 c:/freescale/kds_2.0.0/toolchain/bin/../lib/gcc/arm-none-eabi/4.8.0/crtbegin.o

.tm_clone_table
                0x1ffff2a4        0x0 load address 0x00006578
 .tm_clone_table
                0x1ffff2a4        0x0 c:/freescale/kds_2.0.0/toolchain/bin/../lib/gcc/arm-none-eabi/4.8.0/crtbegin.o
 .tm_clone_table
                0x1ffff2a4        0x0 c:/freescale/kds_2.0.0/toolchain/bin/../lib/gcc/arm-none-eabi/4.8.0/crtend.o

.igot.plt       0x1ffff2a4        0x0 load address 0x00006578
 .igot.plt      0x00000000        0x0 c:/freescale/kds_2.0.0/toolchain/bin/../lib/gcc/arm-none-eabi/4.8.0/crtbegin.o
                0x1ffff2a4                . = ALIGN (0x4)

.bss            0x1ffff2a4     0x1694 load address 0x00006578
                0x1ffff2a4                __START_BSS = .
                0x1ffff2a4                PROVIDE (__bss_start__, __START_BSS)
 *(.bss)
 *(.bss*)
 .bss.completed.6137
                0x1ffff2a4        0x1 c:/freescale/kds_2.0.0/toolchain/bin/../lib/gcc/arm-none-eabi/4.8.0/crtbegin.o
 *fill*         0x1ffff2a5        0x3 
 .bss.object.6142
                0x1ffff2a8       0x18 c:/freescale/kds_2.0.0/toolchain/bin/../lib/gcc/arm-none-eabi/4.8.0/crtbegin.o
 .bss.licznik   0x1ffff2c0        0x1 ./Sources/Application.o
                0x1ffff2c0                licznik
 .bss.ESP_WebServerIsOn
                0x1ffff2c1        0x1 ./Sources/ESP8266.o
 *fill*         0x1ffff2c2        0x2 
 .bss.localConsole_buf
                0x1ffff2c4       0x30 ./Sources/Shell.o
 .bss.argv      0x1ffff2f4       0x28 ./Project_Settings/Startup_Code/startup.o
 .bss.SerFlag   0x1ffff31c        0x2 ./Generated_Code/AS1.o
 .bss.AS1_InpLen
                0x1ffff31e        0x2 ./Generated_Code/AS1.o
 .bss.InpIndexR
                0x1ffff320        0x2 ./Generated_Code/AS1.o
 .bss.InpIndexW
                0x1ffff322        0x2 ./Generated_Code/AS1.o
 .bss.InpBuffer
                0x1ffff324       0x40 ./Generated_Code/AS1.o
 .bss.BufferRead
                0x1ffff364        0x1 ./Generated_Code/AS1.o
 *fill*         0x1ffff365        0x1 
 .bss.AS1_OutLen
                0x1ffff366        0x2 ./Generated_Code/AS1.o
 .bss.OutIndexR
                0x1ffff368        0x2 ./Generated_Code/AS1.o
 .bss.OutIndexW
                0x1ffff36a        0x2 ./Generated_Code/AS1.o
 .bss.OutBuffer
                0x1ffff36c      0x400 ./Generated_Code/AS1.o
 .bss.SerFlag   0x1ffff76c        0x2 ./Generated_Code/AS2.o
 .bss.AS2_InpLen
                0x1ffff76e        0x2 ./Generated_Code/AS2.o
 .bss.InpIndexR
                0x1ffff770        0x2 ./Generated_Code/AS2.o
 .bss.InpIndexW
                0x1ffff772        0x2 ./Generated_Code/AS2.o
 .bss.InpBuffer
                0x1ffff774      0x800 ./Generated_Code/AS2.o
 .bss.BufferRead
                0x1fffff74        0x1 ./Generated_Code/AS2.o
 *fill*         0x1fffff75        0x1 
 .bss.AS2_OutLen
                0x1fffff76        0x2 ./Generated_Code/AS2.o
 .bss.OutIndexR
                0x1fffff78        0x2 ./Generated_Code/AS2.o
 .bss.OutIndexW
                0x1fffff7a        0x2 ./Generated_Code/AS2.o
 .bss.OutBuffer
                0x1fffff7c      0x800 ./Generated_Code/AS2.o
 .bss.DeviceDataPrv__DEFAULT_RTOS_ALLOC
                0x2000077c       0x20 ./Generated_Code/ASerialLdd1.o
 .bss.INT_UART0__DEFAULT_RTOS_ISRPARAM
                0x2000079c        0x4 ./Generated_Code/ASerialLdd1.o
 .bss.DeviceDataPrv__DEFAULT_RTOS_ALLOC
                0x200007a0       0x20 ./Generated_Code/ASerialLdd2.o
 .bss.INT_UART1__DEFAULT_RTOS_ISRPARAM
                0x200007c0        0x4 ./Generated_Code/ASerialLdd2.o
 .bss.DeviceDataPrv__DEFAULT_RTOS_ALLOC
                0x200007c4        0x4 ./Generated_Code/BitIoLdd1.o
 .bss.DeviceDataPrv__DEFAULT_RTOS_ALLOC
                0x200007c8        0x4 ./Generated_Code/BitIoLdd10.o
 .bss.DeviceDataPrv__DEFAULT_RTOS_ALLOC
                0x200007cc        0x4 ./Generated_Code/BitIoLdd11.o
 .bss.DeviceDataPrv__DEFAULT_RTOS_ALLOC
                0x200007d0        0x4 ./Generated_Code/BitIoLdd12.o
 .bss.DeviceDataPrv__DEFAULT_RTOS_ALLOC
                0x200007d4        0x4 ./Generated_Code/BitIoLdd13.o
 .bss.DeviceDataPrv__DEFAULT_RTOS_ALLOC
                0x200007d8        0x4 ./Generated_Code/BitIoLdd14.o
 .bss.DeviceDataPrv__DEFAULT_RTOS_ALLOC
                0x200007dc        0x4 ./Generated_Code/BitIoLdd2.o
 .bss.DeviceDataPrv__DEFAULT_RTOS_ALLOC
                0x200007e0        0x4 ./Generated_Code/BitIoLdd3.o
 .bss.DeviceDataPrv__DEFAULT_RTOS_ALLOC
                0x200007e4        0x4 ./Generated_Code/BitIoLdd4.o
 .bss.DeviceDataPrv__DEFAULT_RTOS_ALLOC
                0x200007e8        0x4 ./Generated_Code/BitIoLdd5.o
 .bss.DeviceDataPrv__DEFAULT_RTOS_ALLOC
                0x200007ec        0x4 ./Generated_Code/BitIoLdd6.o
 .bss.DeviceDataPrv__DEFAULT_RTOS_ALLOC
                0x200007f0        0x4 ./Generated_Code/BitIoLdd7.o
 .bss.DeviceDataPrv__DEFAULT_RTOS_ALLOC
                0x200007f4        0x4 ./Generated_Code/BitIoLdd8.o
 .bss.DeviceDataPrv__DEFAULT_RTOS_ALLOC
                0x200007f8        0x4 ./Generated_Code/BitIoLdd9.o
 .bss.SR_lock   0x200007fc        0x1 ./Generated_Code/Cpu.o
                0x200007fc                SR_lock
 *fill*         0x200007fd        0x3 
 .bss.PE_LDD_DeviceDataList
                0x20000800       0x60 ./Generated_Code/PE_LDD.o
                0x20000800                PE_LDD_DeviceDataList
 .bss.DeviceDataPrv__DEFAULT_RTOS_ALLOC
                0x20000860        0xc ./Generated_Code/PwmLdd1.o
 .bss.DeviceDataPrv__DEFAULT_RTOS_ALLOC
                0x2000086c        0xc ./Generated_Code/PwmLdd2.o
 .bss.DeviceDataPrv__DEFAULT_RTOS_ALLOC
                0x20000878        0xc ./Generated_Code/PwmLdd3.o
 .bss.DeviceDataPrv__DEFAULT_RTOS_ALLOC
                0x20000884        0xc ./Generated_Code/PwmLdd4.o
 .bss.DeviceDataPrv__DEFAULT_RTOS_ALLOC
                0x20000890        0xc ./Generated_Code/PwmLdd5.o
 .bss.DeviceDataPrv__DEFAULT_RTOS_ALLOC
                0x2000089c        0xc ./Generated_Code/PwmLdd6.o
 .bss.DeviceDataPrv__DEFAULT_RTOS_ALLOC
                0x200008a8        0x8 ./Generated_Code/TU1.o
 .bss.DeviceDataPrv__DEFAULT_RTOS_ALLOC
                0x200008b0        0x8 ./Generated_Code/TU2.o
 *(COMMON)
 COMMON         0x200008b8       0x73 ./Sources/Application.o
                0x200008b8                drive_direction
                0x200008ba                r_diff
                0x200008bc                moc_max
                0x200008c0                mojBufor
                0x20000924                dir
                0x20000925                ldiff
                0x20000926                rdiff
                0x20000928                l_diff
                0x2000092a                moc
 *fill*         0x2000092b        0x1 
 COMMON         0x2000092c        0x4 ./Generated_Code/AS1.o
                0x2000092c                ASerialLdd1_DeviceDataPtr
 COMMON         0x20000930        0x4 ./Generated_Code/AS2.o
                0x20000930                ASerialLdd2_DeviceDataPtr
 COMMON         0x20000934        0x1 ./Generated_Code/Cpu.o
                0x20000934                SR_reg
                0x20000938                . = ALIGN (0x4)
 *fill*         0x20000935        0x3 
                0x20000938                __END_BSS = .
                0x20000938                PROVIDE (__bss_end__, __END_BSS)
                0x00006578                _romp_at = (___ROM_AT + SIZEOF (.data))

.romp           0x20000938       0x18 load address 0x00006578
                0x00006578                __S_romp = _romp_at
                0x20000938        0x4 LONG 0x62d4 ___ROM_AT
                0x2000093c        0x4 LONG 0x1ffff000 _sdata
                0x20000940        0x4 LONG 0x2a4 ___data_size
                0x20000944        0x4 LONG 0x0
                0x20000948        0x4 LONG 0x0
                0x2000094c        0x4 LONG 0x0

._user_heap_stack
                0x20000950      0x400 load address 0x00006590
                0x20000950                . = ALIGN (0x4)
                0x20000950                PROVIDE (end, .)
                0x20000950                PROVIDE (_end, .)
                0x20000950                __heap_addr = .
                0x20000950                __HeapBase = .
                0x20000950                . = (. + __heap_size)
                0x20000950                __HeapLimit = .
                0x20000d50                . = (. + __stack_size)
 *fill*         0x20000950      0x400 
                0x20000d50                . = ALIGN (0x4)

.ARM.attributes
                0x00000000       0x2f
 *(.ARM.attributes)
 .ARM.attributes
                0x00000000       0x23 c:/freescale/kds_2.0.0/toolchain/bin/../lib/gcc/arm-none-eabi/4.8.0/crti.o
 .ARM.attributes
                0x00000023       0x31 c:/freescale/kds_2.0.0/toolchain/bin/../lib/gcc/arm-none-eabi/4.8.0/crtbegin.o
 .ARM.attributes
                0x00000054       0x32 ./Sources/Application.o
 .ARM.attributes
                0x00000086       0x32 ./Sources/ESP8266.o
 .ARM.attributes
                0x000000b8       0x32 ./Sources/Events.o
 .ARM.attributes
                0x000000ea       0x32 ./Sources/Motion.o
 .ARM.attributes
                0x0000011c       0x32 ./Sources/Shell.o
 .ARM.attributes
                0x0000014e       0x32 ./Sources/main.o
 .ARM.attributes
                0x00000180       0x32 ./Project_Settings/Startup_Code/startup.o
 .ARM.attributes
                0x000001b2       0x32 ./Generated_Code/AS1.o
 .ARM.attributes
                0x000001e4       0x32 ./Generated_Code/AS2.o
 .ARM.attributes
                0x00000216       0x32 ./Generated_Code/ASerialLdd1.o
 .ARM.attributes
                0x00000248       0x32 ./Generated_Code/ASerialLdd2.o
 .ARM.attributes
                0x0000027a       0x32 ./Generated_Code/BitIoLdd1.o
 .ARM.attributes
                0x000002ac       0x32 ./Generated_Code/BitIoLdd10.o
 .ARM.attributes
                0x000002de       0x32 ./Generated_Code/BitIoLdd11.o
 .ARM.attributes
                0x00000310       0x32 ./Generated_Code/BitIoLdd12.o
 .ARM.attributes
                0x00000342       0x32 ./Generated_Code/BitIoLdd13.o
 .ARM.attributes
                0x00000374       0x32 ./Generated_Code/BitIoLdd14.o
 .ARM.attributes
                0x000003a6       0x32 ./Generated_Code/BitIoLdd2.o
 .ARM.attributes
                0x000003d8       0x32 ./Generated_Code/BitIoLdd3.o
 .ARM.attributes
                0x0000040a       0x32 ./Generated_Code/BitIoLdd4.o
 .ARM.attributes
                0x0000043c       0x32 ./Generated_Code/BitIoLdd5.o
 .ARM.attributes
                0x0000046e       0x32 ./Generated_Code/BitIoLdd6.o
 .ARM.attributes
                0x000004a0       0x32 ./Generated_Code/BitIoLdd7.o
 .ARM.attributes
                0x000004d2       0x32 ./Generated_Code/BitIoLdd8.o
 .ARM.attributes
                0x00000504       0x32 ./Generated_Code/BitIoLdd9.o
 .ARM.attributes
                0x00000536       0x32 ./Generated_Code/CLS1.o
 .ARM.attributes
                0x00000568       0x32 ./Generated_Code/Cpu.o
 .ARM.attributes
                0x0000059a       0x32 ./Generated_Code/PE_LDD.o
 .ARM.attributes
                0x000005cc       0x32 ./Generated_Code/PwmLdd1.o
 .ARM.attributes
                0x000005fe       0x32 ./Generated_Code/PwmLdd2.o
 .ARM.attributes
                0x00000630       0x32 ./Generated_Code/PwmLdd3.o
 .ARM.attributes
                0x00000662       0x32 ./Generated_Code/PwmLdd4.o
 .ARM.attributes
                0x00000694       0x32 ./Generated_Code/PwmLdd5.o
 .ARM.attributes
                0x000006c6       0x32 ./Generated_Code/PwmLdd6.o
 .ARM.attributes
                0x000006f8       0x32 ./Generated_Code/TU1.o
 .ARM.attributes
                0x0000072a       0x32 ./Generated_Code/TU2.o
 .ARM.attributes
                0x0000075c       0x32 ./Generated_Code/UTIL1.o
 .ARM.attributes
                0x0000078e       0x32 ./Generated_Code/Vectors.o
 .ARM.attributes
                0x000007c0       0x32 ./Generated_Code/WAIT1.o
 .ARM.attributes
                0x000007f2       0x23 c:/freescale/kds_2.0.0/toolchain/bin/../lib/gcc/arm-none-eabi/4.8.0\libgcc.a(_udivsi3.o)
 .ARM.attributes
                0x00000815       0x23 c:/freescale/kds_2.0.0/toolchain/bin/../lib/gcc/arm-none-eabi/4.8.0\libgcc.a(_divsi3.o)
 .ARM.attributes
                0x00000838       0x23 c:/freescale/kds_2.0.0/toolchain/bin/../lib/gcc/arm-none-eabi/4.8.0\libgcc.a(_dvmd_tls.o)
 .ARM.attributes
                0x0000085b       0x31 c:/freescale/kds_2.0.0/toolchain/bin/../lib/gcc/arm-none-eabi/4.8.0/../../../../arm-none-eabi/lib\libg_s.a(lib_a-atoi.o)
 .ARM.attributes
                0x0000088c       0x31 c:/freescale/kds_2.0.0/toolchain/bin/../lib/gcc/arm-none-eabi/4.8.0/../../../../arm-none-eabi/lib\libg_s.a(lib_a-ctype_.o)
 .ARM.attributes
                0x000008bd       0x31 c:/freescale/kds_2.0.0/toolchain/bin/../lib/gcc/arm-none-eabi/4.8.0/../../../../arm-none-eabi/lib\libg_s.a(lib_a-impure.o)
 .ARM.attributes
                0x000008ee       0x31 c:/freescale/kds_2.0.0/toolchain/bin/../lib/gcc/arm-none-eabi/4.8.0/../../../../arm-none-eabi/lib\libg_s.a(lib_a-memcpy.o)
 .ARM.attributes
                0x0000091f       0x31 c:/freescale/kds_2.0.0/toolchain/bin/../lib/gcc/arm-none-eabi/4.8.0/../../../../arm-none-eabi/lib\libg_s.a(lib_a-strcmp.o)
 .ARM.attributes
                0x00000950       0x31 c:/freescale/kds_2.0.0/toolchain/bin/../lib/gcc/arm-none-eabi/4.8.0/../../../../arm-none-eabi/lib\libg_s.a(lib_a-strlen.o)
 .ARM.attributes
                0x00000981       0x31 c:/freescale/kds_2.0.0/toolchain/bin/../lib/gcc/arm-none-eabi/4.8.0/../../../../arm-none-eabi/lib\libg_s.a(lib_a-strncmp.o)
 .ARM.attributes
                0x000009b2       0x31 c:/freescale/kds_2.0.0/toolchain/bin/../lib/gcc/arm-none-eabi/4.8.0/../../../../arm-none-eabi/lib\libg_s.a(lib_a-strtol.o)
 .ARM.attributes
                0x000009e3       0x31 c:/freescale/kds_2.0.0/toolchain/bin/../lib/gcc/arm-none-eabi/4.8.0/crtend.o
 .ARM.attributes
                0x00000a14       0x23 c:/freescale/kds_2.0.0/toolchain/bin/../lib/gcc/arm-none-eabi/4.8.0/crtn.o
OUTPUT(ZRJ1.elf elf32-littlearm)

.comment        0x00000000       0x2a
 .comment       0x00000000       0x2a c:/freescale/kds_2.0.0/toolchain/bin/../lib/gcc/arm-none-eabi/4.8.0/crtbegin.o
                                 0x2b (size before relaxing)
 .comment       0x00000000       0x2b ./Sources/Application.o
 .comment       0x00000000       0x2b ./Sources/ESP8266.o
 .comment       0x00000000       0x2b ./Sources/Events.o
 .comment       0x00000000       0x2b ./Sources/Motion.o
 .comment       0x00000000       0x2b ./Sources/Shell.o
 .comment       0x00000000       0x2b ./Sources/main.o
 .comment       0x00000000       0x2b ./Project_Settings/Startup_Code/startup.o
 .comment       0x00000000       0x2b ./Generated_Code/AS1.o
 .comment       0x00000000       0x2b ./Generated_Code/AS2.o
 .comment       0x00000000       0x2b ./Generated_Code/ASerialLdd1.o
 .comment       0x00000000       0x2b ./Generated_Code/ASerialLdd2.o
 .comment       0x00000000       0x2b ./Generated_Code/BitIoLdd1.o
 .comment       0x00000000       0x2b ./Generated_Code/BitIoLdd10.o
 .comment       0x00000000       0x2b ./Generated_Code/BitIoLdd11.o
 .comment       0x00000000       0x2b ./Generated_Code/BitIoLdd12.o
 .comment       0x00000000       0x2b ./Generated_Code/BitIoLdd13.o
 .comment       0x00000000       0x2b ./Generated_Code/BitIoLdd14.o
 .comment       0x00000000       0x2b ./Generated_Code/BitIoLdd2.o
 .comment       0x00000000       0x2b ./Generated_Code/BitIoLdd3.o
 .comment       0x00000000       0x2b ./Generated_Code/BitIoLdd4.o
 .comment       0x00000000       0x2b ./Generated_Code/BitIoLdd5.o
 .comment       0x00000000       0x2b ./Generated_Code/BitIoLdd6.o
 .comment       0x00000000       0x2b ./Generated_Code/BitIoLdd7.o
 .comment       0x00000000       0x2b ./Generated_Code/BitIoLdd8.o
 .comment       0x00000000       0x2b ./Generated_Code/BitIoLdd9.o
 .comment       0x00000000       0x2b ./Generated_Code/CLS1.o
 .comment       0x00000000       0x2b ./Generated_Code/Cpu.o
 .comment       0x00000000       0x2b ./Generated_Code/PE_LDD.o
 .comment       0x00000000       0x2b ./Generated_Code/PwmLdd1.o
 .comment       0x00000000       0x2b ./Generated_Code/PwmLdd2.o
 .comment       0x00000000       0x2b ./Generated_Code/PwmLdd3.o
 .comment       0x00000000       0x2b ./Generated_Code/PwmLdd4.o
 .comment       0x00000000       0x2b ./Generated_Code/PwmLdd5.o
 .comment       0x00000000       0x2b ./Generated_Code/PwmLdd6.o
 .comment       0x00000000       0x2b ./Generated_Code/TU1.o
 .comment       0x00000000       0x2b ./Generated_Code/TU2.o
 .comment       0x00000000       0x2b ./Generated_Code/UTIL1.o
 .comment       0x00000000       0x2b ./Generated_Code/Vectors.o
 .comment       0x00000000       0x2b ./Generated_Code/WAIT1.o
 .comment       0x00000000       0x2b c:/freescale/kds_2.0.0/toolchain/bin/../lib/gcc/arm-none-eabi/4.8.0/../../../../arm-none-eabi/lib\libg_s.a(lib_a-atoi.o)
 .comment       0x00000000       0x2b c:/freescale/kds_2.0.0/toolchain/bin/../lib/gcc/arm-none-eabi/4.8.0/../../../../arm-none-eabi/lib\libg_s.a(lib_a-ctype_.o)
 .comment       0x00000000       0x2b c:/freescale/kds_2.0.0/toolchain/bin/../lib/gcc/arm-none-eabi/4.8.0/../../../../arm-none-eabi/lib\libg_s.a(lib_a-impure.o)
 .comment       0x00000000       0x2b c:/freescale/kds_2.0.0/toolchain/bin/../lib/gcc/arm-none-eabi/4.8.0/../../../../arm-none-eabi/lib\libg_s.a(lib_a-memcpy.o)
 .comment       0x00000000       0x2b c:/freescale/kds_2.0.0/toolchain/bin/../lib/gcc/arm-none-eabi/4.8.0/../../../../arm-none-eabi/lib\libg_s.a(lib_a-strcmp.o)
 .comment       0x00000000       0x2b c:/freescale/kds_2.0.0/toolchain/bin/../lib/gcc/arm-none-eabi/4.8.0/../../../../arm-none-eabi/lib\libg_s.a(lib_a-strlen.o)
 .comment       0x00000000       0x2b c:/freescale/kds_2.0.0/toolchain/bin/../lib/gcc/arm-none-eabi/4.8.0/../../../../arm-none-eabi/lib\libg_s.a(lib_a-strncmp.o)
 .comment       0x00000000       0x2b c:/freescale/kds_2.0.0/toolchain/bin/../lib/gcc/arm-none-eabi/4.8.0/../../../../arm-none-eabi/lib\libg_s.a(lib_a-strtol.o)
 .comment       0x00000000       0x2b c:/freescale/kds_2.0.0/toolchain/bin/../lib/gcc/arm-none-eabi/4.8.0/crtend.o

.debug_info     0x00000000     0xab1f
 .debug_info    0x00000000      0x322 ./Sources/Application.o
 .debug_info    0x00000322      0xd54 ./Sources/ESP8266.o
 .debug_info    0x00001076       0x96 ./Sources/Events.o
 .debug_info    0x0000110c      0x2b3 ./Sources/Motion.o
 .debug_info    0x000013bf      0x1e2 ./Sources/Shell.o
 .debug_info    0x000015a1       0xa8 ./Sources/main.o
 .debug_info    0x00001649      0x308 ./Project_Settings/Startup_Code/startup.o
 .debug_info    0x00001951      0x4bb ./Generated_Code/AS1.o
 .debug_info    0x00001e0c      0x4ab ./Generated_Code/AS2.o
 .debug_info    0x000022b7      0x800 ./Generated_Code/ASerialLdd1.o
 .debug_info    0x00002ab7      0x7da ./Generated_Code/ASerialLdd2.o
 .debug_info    0x00003291      0x36b ./Generated_Code/BitIoLdd1.o
 .debug_info    0x000035fc      0x36b ./Generated_Code/BitIoLdd10.o
 .debug_info    0x00003967      0x36b ./Generated_Code/BitIoLdd11.o
 .debug_info    0x00003cd2      0x36b ./Generated_Code/BitIoLdd12.o
 .debug_info    0x0000403d      0x36b ./Generated_Code/BitIoLdd13.o
 .debug_info    0x000043a8      0x36b ./Generated_Code/BitIoLdd14.o
 .debug_info    0x00004713      0x36b ./Generated_Code/BitIoLdd2.o
 .debug_info    0x00004a7e      0x36b ./Generated_Code/BitIoLdd3.o
 .debug_info    0x00004de9      0x36b ./Generated_Code/BitIoLdd4.o
 .debug_info    0x00005154      0x36b ./Generated_Code/BitIoLdd5.o
 .debug_info    0x000054bf      0x36b ./Generated_Code/BitIoLdd6.o
 .debug_info    0x0000582a      0x36b ./Generated_Code/BitIoLdd7.o
 .debug_info    0x00005b95      0x36b ./Generated_Code/BitIoLdd8.o
 .debug_info    0x00005f00      0x36b ./Generated_Code/BitIoLdd9.o
 .debug_info    0x0000626b      0x904 ./Generated_Code/CLS1.o
 .debug_info    0x00006b6f      0x826 ./Generated_Code/Cpu.o
 .debug_info    0x00007395      0x23b ./Generated_Code/PE_LDD.o
 .debug_info    0x000075d0      0x2bf ./Generated_Code/PwmLdd1.o
 .debug_info    0x0000788f      0x2bf ./Generated_Code/PwmLdd2.o
 .debug_info    0x00007b4e      0x2bf ./Generated_Code/PwmLdd3.o
 .debug_info    0x00007e0d      0x2bf ./Generated_Code/PwmLdd4.o
 .debug_info    0x000080cc      0x2bf ./Generated_Code/PwmLdd5.o
 .debug_info    0x0000838b      0x2bf ./Generated_Code/PwmLdd6.o
 .debug_info    0x0000864a      0x68e ./Generated_Code/TU1.o
 .debug_info    0x00008cd8      0x67e ./Generated_Code/TU2.o
 .debug_info    0x00009356     0x1594 ./Generated_Code/UTIL1.o
 .debug_info    0x0000a8ea      0x103 ./Generated_Code/Vectors.o
 .debug_info    0x0000a9ed      0x132 ./Generated_Code/WAIT1.o

.debug_abbrev   0x00000000     0x309b
 .debug_abbrev  0x00000000      0x15f ./Sources/Application.o
 .debug_abbrev  0x0000015f      0x232 ./Sources/ESP8266.o
 .debug_abbrev  0x00000391       0x45 ./Sources/Events.o
 .debug_abbrev  0x000003d6       0xf5 ./Sources/Motion.o
 .debug_abbrev  0x000004cb       0xdb ./Sources/Shell.o
 .debug_abbrev  0x000005a6       0x5d ./Sources/main.o
 .debug_abbrev  0x00000603      0x148 ./Project_Settings/Startup_Code/startup.o
 .debug_abbrev  0x0000074b      0x1df ./Generated_Code/AS1.o
 .debug_abbrev  0x0000092a      0x1d6 ./Generated_Code/AS2.o
 .debug_abbrev  0x00000b00      0x1c9 ./Generated_Code/ASerialLdd1.o
 .debug_abbrev  0x00000cc9      0x1c9 ./Generated_Code/ASerialLdd2.o
 .debug_abbrev  0x00000e92      0x136 ./Generated_Code/BitIoLdd1.o
 .debug_abbrev  0x00000fc8      0x136 ./Generated_Code/BitIoLdd10.o
 .debug_abbrev  0x000010fe      0x136 ./Generated_Code/BitIoLdd11.o
 .debug_abbrev  0x00001234      0x136 ./Generated_Code/BitIoLdd12.o
 .debug_abbrev  0x0000136a      0x136 ./Generated_Code/BitIoLdd13.o
 .debug_abbrev  0x000014a0      0x136 ./Generated_Code/BitIoLdd14.o
 .debug_abbrev  0x000015d6      0x136 ./Generated_Code/BitIoLdd2.o
 .debug_abbrev  0x0000170c      0x136 ./Generated_Code/BitIoLdd3.o
 .debug_abbrev  0x00001842      0x136 ./Generated_Code/BitIoLdd4.o
 .debug_abbrev  0x00001978      0x136 ./Generated_Code/BitIoLdd5.o
 .debug_abbrev  0x00001aae      0x136 ./Generated_Code/BitIoLdd6.o
 .debug_abbrev  0x00001be4      0x136 ./Generated_Code/BitIoLdd7.o
 .debug_abbrev  0x00001d1a      0x136 ./Generated_Code/BitIoLdd8.o
 .debug_abbrev  0x00001e50      0x136 ./Generated_Code/BitIoLdd9.o
 .debug_abbrev  0x00001f86      0x1d3 ./Generated_Code/CLS1.o
 .debug_abbrev  0x00002159      0x160 ./Generated_Code/Cpu.o
 .debug_abbrev  0x000022b9      0x10d ./Generated_Code/PE_LDD.o
 .debug_abbrev  0x000023c6      0x122 ./Generated_Code/PwmLdd1.o
 .debug_abbrev  0x000024e8      0x122 ./Generated_Code/PwmLdd2.o
 .debug_abbrev  0x0000260a      0x122 ./Generated_Code/PwmLdd3.o
 .debug_abbrev  0x0000272c      0x122 ./Generated_Code/PwmLdd4.o
 .debug_abbrev  0x0000284e      0x122 ./Generated_Code/PwmLdd5.o
 .debug_abbrev  0x00002970      0x122 ./Generated_Code/PwmLdd6.o
 .debug_abbrev  0x00002a92      0x198 ./Generated_Code/TU1.o
 .debug_abbrev  0x00002c2a      0x198 ./Generated_Code/TU2.o
 .debug_abbrev  0x00002dc2      0x184 ./Generated_Code/UTIL1.o
 .debug_abbrev  0x00002f46       0xa4 ./Generated_Code/Vectors.o
 .debug_abbrev  0x00002fea       0xb1 ./Generated_Code/WAIT1.o

.debug_aranges  0x00000000      0xd18
 .debug_aranges
                0x00000000       0x30 ./Sources/Application.o
 .debug_aranges
                0x00000030      0x108 ./Sources/ESP8266.o
 .debug_aranges
                0x00000138       0x20 ./Sources/Events.o
 .debug_aranges
                0x00000158       0x60 ./Sources/Motion.o
 .debug_aranges
                0x000001b8       0x28 ./Sources/Shell.o
 .debug_aranges
                0x000001e0       0x20 ./Sources/main.o
 .debug_aranges
                0x00000200       0x60 ./Project_Settings/Startup_Code/startup.o
 .debug_aranges
                0x00000260       0x88 ./Generated_Code/AS1.o
 .debug_aranges
                0x000002e8       0x88 ./Generated_Code/AS2.o
 .debug_aranges
                0x00000370       0x50 ./Generated_Code/ASerialLdd1.o
 .debug_aranges
                0x000003c0       0x50 ./Generated_Code/ASerialLdd2.o
 .debug_aranges
                0x00000410       0x40 ./Generated_Code/BitIoLdd1.o
 .debug_aranges
                0x00000450       0x40 ./Generated_Code/BitIoLdd10.o
 .debug_aranges
                0x00000490       0x40 ./Generated_Code/BitIoLdd11.o
 .debug_aranges
                0x000004d0       0x40 ./Generated_Code/BitIoLdd12.o
 .debug_aranges
                0x00000510       0x40 ./Generated_Code/BitIoLdd13.o
 .debug_aranges
                0x00000550       0x40 ./Generated_Code/BitIoLdd14.o
 .debug_aranges
                0x00000590       0x40 ./Generated_Code/BitIoLdd2.o
 .debug_aranges
                0x000005d0       0x40 ./Generated_Code/BitIoLdd3.o
 .debug_aranges
                0x00000610       0x40 ./Generated_Code/BitIoLdd4.o
 .debug_aranges
                0x00000650       0x40 ./Generated_Code/BitIoLdd5.o
 .debug_aranges
                0x00000690       0x40 ./Generated_Code/BitIoLdd6.o
 .debug_aranges
                0x000006d0       0x40 ./Generated_Code/BitIoLdd7.o
 .debug_aranges
                0x00000710       0x40 ./Generated_Code/BitIoLdd8.o
 .debug_aranges
                0x00000750       0x40 ./Generated_Code/BitIoLdd9.o
 .debug_aranges
                0x00000790      0x100 ./Generated_Code/CLS1.o
 .debug_aranges
                0x00000890       0x38 ./Generated_Code/Cpu.o
 .debug_aranges
                0x000008c8       0x30 ./Generated_Code/PE_LDD.o
 .debug_aranges
                0x000008f8       0x40 ./Generated_Code/PwmLdd1.o
 .debug_aranges
                0x00000938       0x40 ./Generated_Code/PwmLdd2.o
 .debug_aranges
                0x00000978       0x40 ./Generated_Code/PwmLdd3.o
 .debug_aranges
                0x000009b8       0x40 ./Generated_Code/PwmLdd4.o
 .debug_aranges
                0x000009f8       0x40 ./Generated_Code/PwmLdd5.o
 .debug_aranges
                0x00000a38       0x40 ./Generated_Code/PwmLdd6.o
 .debug_aranges
                0x00000a78       0x48 ./Generated_Code/TU1.o
 .debug_aranges
                0x00000ac0       0x48 ./Generated_Code/TU2.o
 .debug_aranges
                0x00000b08      0x1b8 ./Generated_Code/UTIL1.o
 .debug_aranges
                0x00000cc0       0x18 ./Generated_Code/Vectors.o
 .debug_aranges
                0x00000cd8       0x40 ./Generated_Code/WAIT1.o

.debug_ranges   0x00000000      0xaa0
 .debug_ranges  0x00000000       0x20 ./Sources/Application.o
 .debug_ranges  0x00000020       0xf8 ./Sources/ESP8266.o
 .debug_ranges  0x00000118       0x10 ./Sources/Events.o
 .debug_ranges  0x00000128       0x50 ./Sources/Motion.o
 .debug_ranges  0x00000178       0x18 ./Sources/Shell.o
 .debug_ranges  0x00000190       0x10 ./Sources/main.o
 .debug_ranges  0x000001a0       0x50 ./Project_Settings/Startup_Code/startup.o
 .debug_ranges  0x000001f0       0x78 ./Generated_Code/AS1.o
 .debug_ranges  0x00000268       0x78 ./Generated_Code/AS2.o
 .debug_ranges  0x000002e0       0x40 ./Generated_Code/ASerialLdd1.o
 .debug_ranges  0x00000320       0x40 ./Generated_Code/ASerialLdd2.o
 .debug_ranges  0x00000360       0x30 ./Generated_Code/BitIoLdd1.o
 .debug_ranges  0x00000390       0x30 ./Generated_Code/BitIoLdd10.o
 .debug_ranges  0x000003c0       0x30 ./Generated_Code/BitIoLdd11.o
 .debug_ranges  0x000003f0       0x30 ./Generated_Code/BitIoLdd12.o
 .debug_ranges  0x00000420       0x30 ./Generated_Code/BitIoLdd13.o
 .debug_ranges  0x00000450       0x30 ./Generated_Code/BitIoLdd14.o
 .debug_ranges  0x00000480       0x30 ./Generated_Code/BitIoLdd2.o
 .debug_ranges  0x000004b0       0x30 ./Generated_Code/BitIoLdd3.o
 .debug_ranges  0x000004e0       0x30 ./Generated_Code/BitIoLdd4.o
 .debug_ranges  0x00000510       0x30 ./Generated_Code/BitIoLdd5.o
 .debug_ranges  0x00000540       0x30 ./Generated_Code/BitIoLdd6.o
 .debug_ranges  0x00000570       0x30 ./Generated_Code/BitIoLdd7.o
 .debug_ranges  0x000005a0       0x30 ./Generated_Code/BitIoLdd8.o
 .debug_ranges  0x000005d0       0x30 ./Generated_Code/BitIoLdd9.o
 .debug_ranges  0x00000600       0xf0 ./Generated_Code/CLS1.o
 .debug_ranges  0x000006f0       0x28 ./Generated_Code/Cpu.o
 .debug_ranges  0x00000718       0x20 ./Generated_Code/PE_LDD.o
 .debug_ranges  0x00000738       0x30 ./Generated_Code/PwmLdd1.o
 .debug_ranges  0x00000768       0x30 ./Generated_Code/PwmLdd2.o
 .debug_ranges  0x00000798       0x30 ./Generated_Code/PwmLdd3.o
 .debug_ranges  0x000007c8       0x30 ./Generated_Code/PwmLdd4.o
 .debug_ranges  0x000007f8       0x30 ./Generated_Code/PwmLdd5.o
 .debug_ranges  0x00000828       0x30 ./Generated_Code/PwmLdd6.o
 .debug_ranges  0x00000858       0x38 ./Generated_Code/TU1.o
 .debug_ranges  0x00000890       0x38 ./Generated_Code/TU2.o
 .debug_ranges  0x000008c8      0x1a8 ./Generated_Code/UTIL1.o
 .debug_ranges  0x00000a70       0x30 ./Generated_Code/WAIT1.o

.debug_macro    0x00000000    0x140c5
 .debug_macro   0x00000000      0x23b ./Sources/Application.o
 .debug_macro   0x0000023b      0x802 ./Sources/Application.o
 .debug_macro   0x00000a3d      0x214 ./Sources/Application.o
 .debug_macro   0x00000c51     0x1610 ./Sources/Application.o
 .debug_macro   0x00002261      0x14e ./Sources/Application.o
 .debug_macro   0x000023af       0x64 ./Sources/Application.o
 .debug_macro   0x00002413     0x5f60 ./Sources/Application.o
 .debug_macro   0x00008373       0x9a ./Sources/Application.o
 .debug_macro   0x0000840d      0x166 ./Sources/Application.o
 .debug_macro   0x00008573       0x97 ./Sources/Application.o
 .debug_macro   0x0000860a       0x37 ./Sources/Application.o
 .debug_macro   0x00008641       0x2e ./Sources/Application.o
 .debug_macro   0x0000866f       0x2e ./Sources/Application.o
 .debug_macro   0x0000869d       0x95 ./Sources/Application.o
 .debug_macro   0x00008732       0x3a ./Sources/Application.o
 .debug_macro   0x0000876c       0x52 ./Sources/Application.o
 .debug_macro   0x000087be       0x43 ./Sources/Application.o
 .debug_macro   0x00008801      0x16d ./Sources/Application.o
 .debug_macro   0x0000896e       0x35 ./Sources/Application.o
 .debug_macro   0x000089a3       0x19 ./Sources/Application.o
 .debug_macro   0x000089bc       0x10 ./Sources/Application.o
 .debug_macro   0x000089cc       0x65 ./Sources/Application.o
 .debug_macro   0x00008a31       0x1f ./Sources/Application.o
 .debug_macro   0x00008a50       0x94 ./Sources/Application.o
 .debug_macro   0x00008ae4      0x1d7 ./Sources/Application.o
 .debug_macro   0x00008cbb       0x7b ./Sources/Application.o
 .debug_macro   0x00008d36       0x36 ./Sources/Application.o
 .debug_macro   0x00008d6c       0x25 ./Sources/Application.o
 .debug_macro   0x00008d91      0x131 ./Sources/Application.o
 .debug_macro   0x00008ec2       0x40 ./Sources/Application.o
 .debug_macro   0x00008f02       0x20 ./Sources/Application.o
 .debug_macro   0x00008f22       0x46 ./Sources/Application.o
 .debug_macro   0x00008f68       0x20 ./Sources/Application.o
 .debug_macro   0x00008f88       0x46 ./Sources/Application.o
 .debug_macro   0x00008fce       0x20 ./Sources/Application.o
 .debug_macro   0x00008fee       0x46 ./Sources/Application.o
 .debug_macro   0x00009034       0x20 ./Sources/Application.o
 .debug_macro   0x00009054       0x46 ./Sources/Application.o
 .debug_macro   0x0000909a       0x20 ./Sources/Application.o
 .debug_macro   0x000090ba      0x172 ./Sources/ESP8266.o
 .debug_macro   0x0000922c      0x428 ./Sources/Events.o
 .debug_macro   0x00009654       0x94 ./Sources/Events.o
 .debug_macro   0x000096e8       0x31 ./Sources/Events.o
 .debug_macro   0x00009719       0x19 ./Sources/Events.o
 .debug_macro   0x00009732       0x89 ./Sources/Events.o
 .debug_macro   0x000097bb       0xef ./Sources/Events.o
 .debug_macro   0x000098aa       0x65 ./Sources/Events.o
 .debug_macro   0x0000990f       0x1f ./Sources/Events.o
 .debug_macro   0x0000992e       0x2e ./Sources/Events.o
 .debug_macro   0x0000995c       0x3c ./Sources/Events.o
 .debug_macro   0x00009998       0x25 ./Sources/Events.o
 .debug_macro   0x000099bd       0x40 ./Sources/Events.o
 .debug_macro   0x000099fd       0x20 ./Sources/Events.o
 .debug_macro   0x00009a1d       0x46 ./Sources/Events.o
 .debug_macro   0x00009a63       0x20 ./Sources/Events.o
 .debug_macro   0x00009a83       0x46 ./Sources/Events.o
 .debug_macro   0x00009ac9       0x20 ./Sources/Events.o
 .debug_macro   0x00009ae9       0x90 ./Sources/Events.o
 .debug_macro   0x00009b79       0x36 ./Sources/Events.o
 .debug_macro   0x00009baf       0x25 ./Sources/Events.o
 .debug_macro   0x00009bd4       0x3c ./Sources/Events.o
 .debug_macro   0x00009c10       0x25 ./Sources/Events.o
 .debug_macro   0x00009c35       0x3c ./Sources/Events.o
 .debug_macro   0x00009c71       0x25 ./Sources/Events.o
 .debug_macro   0x00009c96       0x3c ./Sources/Events.o
 .debug_macro   0x00009cd2       0x25 ./Sources/Events.o
 .debug_macro   0x00009cf7       0x46 ./Sources/Events.o
 .debug_macro   0x00009d3d       0x20 ./Sources/Events.o
 .debug_macro   0x00009d5d       0x46 ./Sources/Events.o
 .debug_macro   0x00009da3       0x20 ./Sources/Events.o
 .debug_macro   0x00009dc3       0x46 ./Sources/Events.o
 .debug_macro   0x00009e09       0x20 ./Sources/Events.o
 .debug_macro   0x00009e29       0x46 ./Sources/Events.o
 .debug_macro   0x00009e6f       0x20 ./Sources/Events.o
 .debug_macro   0x00009e8f       0x46 ./Sources/Events.o
 .debug_macro   0x00009ed5       0x20 ./Sources/Events.o
 .debug_macro   0x00009ef5       0x46 ./Sources/Events.o
 .debug_macro   0x00009f3b       0x20 ./Sources/Events.o
 .debug_macro   0x00009f5b       0x46 ./Sources/Events.o
 .debug_macro   0x00009fa1      0x2f4 ./Sources/Motion.o
 .debug_macro   0x0000a295       0x8c ./Sources/Shell.o
 .debug_macro   0x0000a321      0x428 ./Sources/main.o
 .debug_macro   0x0000a749      0x119 ./Project_Settings/Startup_Code/startup.o
 .debug_macro   0x0000a862       0x10 ./Project_Settings/Startup_Code/startup.o
 .debug_macro   0x0000a872       0x89 ./Project_Settings/Startup_Code/startup.o
 .debug_macro   0x0000a8fb       0x1c ./Project_Settings/Startup_Code/startup.o
 .debug_macro   0x0000a917       0x10 ./Project_Settings/Startup_Code/startup.o
 .debug_macro   0x0000a927     0x5f54 ./Project_Settings/Startup_Code/startup.o
 .debug_macro   0x0001087b       0xea ./Generated_Code/AS1.o
 .debug_macro   0x00010965       0x5f ./Generated_Code/AS1.o
 .debug_macro   0x000109c4       0xea ./Generated_Code/AS2.o
 .debug_macro   0x00010aae       0x5f ./Generated_Code/AS2.o
 .debug_macro   0x00010b0d       0xa7 ./Generated_Code/ASerialLdd1.o
 .debug_macro   0x00010bb4       0x25 ./Generated_Code/ASerialLdd1.o
 .debug_macro   0x00010bd9      0x31c ./Generated_Code/ASerialLdd1.o
 .debug_macro   0x00010ef5      0x84c ./Generated_Code/ASerialLdd1.o
 .debug_macro   0x00011741       0xa7 ./Generated_Code/ASerialLdd2.o
 .debug_macro   0x000117e8       0x25 ./Generated_Code/ASerialLdd2.o
 .debug_macro   0x0001180d      0x7b2 ./Generated_Code/ASerialLdd2.o
 .debug_macro   0x00011fbf       0x88 ./Generated_Code/BitIoLdd1.o
 .debug_macro   0x00012047      0x12b ./Generated_Code/BitIoLdd1.o
 .debug_macro   0x00012172       0x88 ./Generated_Code/BitIoLdd10.o
 .debug_macro   0x000121fa       0x40 ./Generated_Code/BitIoLdd10.o
 .debug_macro   0x0001223a       0x88 ./Generated_Code/BitIoLdd11.o
 .debug_macro   0x000122c2       0x40 ./Generated_Code/BitIoLdd11.o
 .debug_macro   0x00012302       0x88 ./Generated_Code/BitIoLdd12.o
 .debug_macro   0x0001238a       0x40 ./Generated_Code/BitIoLdd12.o
 .debug_macro   0x000123ca       0x88 ./Generated_Code/BitIoLdd13.o
 .debug_macro   0x00012452       0x40 ./Generated_Code/BitIoLdd13.o
 .debug_macro   0x00012492       0x88 ./Generated_Code/BitIoLdd14.o
 .debug_macro   0x0001251a       0x88 ./Generated_Code/BitIoLdd2.o
 .debug_macro   0x000125a2       0x40 ./Generated_Code/BitIoLdd2.o
 .debug_macro   0x000125e2       0x88 ./Generated_Code/BitIoLdd3.o
 .debug_macro   0x0001266a       0x40 ./Generated_Code/BitIoLdd3.o
 .debug_macro   0x000126aa       0x88 ./Generated_Code/BitIoLdd4.o
 .debug_macro   0x00012732       0x40 ./Generated_Code/BitIoLdd4.o
 .debug_macro   0x00012772       0x88 ./Generated_Code/BitIoLdd5.o
 .debug_macro   0x000127fa       0x40 ./Generated_Code/BitIoLdd5.o
 .debug_macro   0x0001283a       0x88 ./Generated_Code/BitIoLdd6.o
 .debug_macro   0x000128c2       0x40 ./Generated_Code/BitIoLdd6.o
 .debug_macro   0x00012902       0x88 ./Generated_Code/BitIoLdd7.o
 .debug_macro   0x0001298a       0x40 ./Generated_Code/BitIoLdd7.o
 .debug_macro   0x000129ca       0x88 ./Generated_Code/BitIoLdd8.o
 .debug_macro   0x00012a52       0x40 ./Generated_Code/BitIoLdd8.o
 .debug_macro   0x00012a92       0x88 ./Generated_Code/BitIoLdd9.o
 .debug_macro   0x00012b1a       0x40 ./Generated_Code/BitIoLdd9.o
 .debug_macro   0x00012b5a      0x177 ./Generated_Code/CLS1.o
 .debug_macro   0x00012cd1       0x8e ./Generated_Code/CLS1.o
 .debug_macro   0x00012d5f      0x489 ./Generated_Code/Cpu.o
 .debug_macro   0x000131e8      0x3ae ./Generated_Code/PE_LDD.o
 .debug_macro   0x00013596       0x9f ./Generated_Code/PwmLdd1.o
 .debug_macro   0x00013635       0x9f ./Generated_Code/PwmLdd2.o
 .debug_macro   0x000136d4       0xa0 ./Generated_Code/PwmLdd3.o
 .debug_macro   0x00013774       0xa0 ./Generated_Code/PwmLdd4.o
 .debug_macro   0x00013814       0xa0 ./Generated_Code/PwmLdd5.o
 .debug_macro   0x000138b4       0xa0 ./Generated_Code/PwmLdd6.o
 .debug_macro   0x00013954       0x9a ./Generated_Code/TU1.o
 .debug_macro   0x000139ee       0x9e ./Generated_Code/TU2.o
 .debug_macro   0x00013a8c      0x140 ./Generated_Code/UTIL1.o
 .debug_macro   0x00013bcc      0x489 ./Generated_Code/Vectors.o
 .debug_macro   0x00014055       0x70 ./Generated_Code/WAIT1.o

.debug_line     0x00000000     0x858f
 .debug_line    0x00000000      0x481 ./Sources/Application.o
 .debug_line    0x00000481      0x702 ./Sources/ESP8266.o
 .debug_line    0x00000b83      0x564 ./Sources/Events.o
 .debug_line    0x000010e7      0x548 ./Sources/Motion.o
 .debug_line    0x0000162f      0x1cb ./Sources/Shell.o
 .debug_line    0x000017fa      0x569 ./Sources/main.o
 .debug_line    0x00001d63      0x3bb ./Project_Settings/Startup_Code/startup.o
 .debug_line    0x0000211e      0x377 ./Generated_Code/AS1.o
 .debug_line    0x00002495      0x376 ./Generated_Code/AS2.o
 .debug_line    0x0000280b      0x2de ./Generated_Code/ASerialLdd1.o
 .debug_line    0x00002ae9      0x2d8 ./Generated_Code/ASerialLdd2.o
 .debug_line    0x00002dc1      0x216 ./Generated_Code/BitIoLdd1.o
 .debug_line    0x00002fd7      0x218 ./Generated_Code/BitIoLdd10.o
 .debug_line    0x000031ef      0x217 ./Generated_Code/BitIoLdd11.o
 .debug_line    0x00003406      0x217 ./Generated_Code/BitIoLdd12.o
 .debug_line    0x0000361d      0x218 ./Generated_Code/BitIoLdd13.o
 .debug_line    0x00003835      0x217 ./Generated_Code/BitIoLdd14.o
 .debug_line    0x00003a4c      0x216 ./Generated_Code/BitIoLdd2.o
 .debug_line    0x00003c62      0x216 ./Generated_Code/BitIoLdd3.o
 .debug_line    0x00003e78      0x216 ./Generated_Code/BitIoLdd4.o
 .debug_line    0x0000408e      0x215 ./Generated_Code/BitIoLdd5.o
 .debug_line    0x000042a3      0x215 ./Generated_Code/BitIoLdd6.o
 .debug_line    0x000044b8      0x216 ./Generated_Code/BitIoLdd7.o
 .debug_line    0x000046ce      0x216 ./Generated_Code/BitIoLdd8.o
 .debug_line    0x000048e4      0x216 ./Generated_Code/BitIoLdd9.o
 .debug_line    0x00004afa      0x5b0 ./Generated_Code/CLS1.o
 .debug_line    0x000050aa      0x893 ./Generated_Code/Cpu.o
 .debug_line    0x0000593d      0x573 ./Generated_Code/PE_LDD.o
 .debug_line    0x00005eb0      0x232 ./Generated_Code/PwmLdd1.o
 .debug_line    0x000060e2      0x232 ./Generated_Code/PwmLdd2.o
 .debug_line    0x00006314      0x22c ./Generated_Code/PwmLdd3.o
 .debug_line    0x00006540      0x22c ./Generated_Code/PwmLdd4.o
 .debug_line    0x0000676c      0x22c ./Generated_Code/PwmLdd5.o
 .debug_line    0x00006998      0x22c ./Generated_Code/PwmLdd6.o
 .debug_line    0x00006bc4      0x25f ./Generated_Code/TU1.o
 .debug_line    0x00006e23      0x26b ./Generated_Code/TU2.o
 .debug_line    0x0000708e      0xb1a ./Generated_Code/UTIL1.o
 .debug_line    0x00007ba8      0x810 ./Generated_Code/Vectors.o
 .debug_line    0x000083b8      0x1d7 ./Generated_Code/WAIT1.o

.debug_str      0x00000000    0x45a31
 .debug_str     0x00000000    0x2f5ab ./Sources/Application.o
                              0x2fa22 (size before relaxing)
 .debug_str     0x0002f5ab      0x373 ./Sources/ESP8266.o
                              0x2c473 (size before relaxing)
 .debug_str     0x0002f91e     0x2ab4 ./Sources/Events.o
                              0x32326 (size before relaxing)
 .debug_str     0x000323d2       0xa4 ./Sources/Motion.o
                              0x2fe79 (size before relaxing)
 .debug_str     0x00032476       0x64 ./Sources/Shell.o
                              0x2a233 (size before relaxing)
 .debug_str     0x000324da       0x17 ./Sources/main.o
                              0x32324 (size before relaxing)
 .debug_str     0x000324f1      0x202 ./Project_Settings/Startup_Code/startup.o
                              0x2476b (size before relaxing)
 .debug_str     0x000326f3      0x30f ./Generated_Code/AS1.o
                              0x2a0a9 (size before relaxing)
 .debug_str     0x00032a02      0x129 ./Generated_Code/AS2.o
                              0x2a0ab (size before relaxing)
 .debug_str     0x00032b2b     0x9d85 ./Generated_Code/ASerialLdd1.o
                              0x340e9 (size before relaxing)
 .debug_str     0x0003c8b0     0x7115 ./Generated_Code/ASerialLdd2.o
                              0x379bc (size before relaxing)
 .debug_str     0x000439c5       0xe4 ./Generated_Code/BitIoLdd1.o
                              0x2abd9 (size before relaxing)
 .debug_str     0x00043aa9       0xa8 ./Generated_Code/BitIoLdd10.o
                              0x2abed (size before relaxing)
 .debug_str     0x00043b51       0xa8 ./Generated_Code/BitIoLdd11.o
                              0x2abef (size before relaxing)
 .debug_str     0x00043bf9       0xa8 ./Generated_Code/BitIoLdd12.o
                              0x2abef (size before relaxing)
 .debug_str     0x00043ca1       0xa8 ./Generated_Code/BitIoLdd13.o
                              0x2abed (size before relaxing)
 .debug_str     0x00043d49       0xa8 ./Generated_Code/BitIoLdd14.o
                              0x2abef (size before relaxing)
 .debug_str     0x00043df1       0xa0 ./Generated_Code/BitIoLdd2.o
                              0x2abd9 (size before relaxing)
 .debug_str     0x00043e91       0xa0 ./Generated_Code/BitIoLdd3.o
                              0x2abd9 (size before relaxing)
 .debug_str     0x00043f31       0xa0 ./Generated_Code/BitIoLdd4.o
                              0x2abd9 (size before relaxing)
 .debug_str     0x00043fd1       0xa0 ./Generated_Code/BitIoLdd5.o
                              0x2abdf (size before relaxing)
 .debug_str     0x00044071       0xa0 ./Generated_Code/BitIoLdd6.o
                              0x2abdb (size before relaxing)
 .debug_str     0x00044111       0xa0 ./Generated_Code/BitIoLdd7.o
                              0x2abd9 (size before relaxing)
 .debug_str     0x000441b1       0xa0 ./Generated_Code/BitIoLdd8.o
                              0x2abd9 (size before relaxing)
 .debug_str     0x00044251       0xa0 ./Generated_Code/BitIoLdd9.o
                              0x2abd9 (size before relaxing)
 .debug_str     0x000442f1      0x6cf ./Generated_Code/CLS1.o
                              0x2c9dd (size before relaxing)
 .debug_str     0x000449c0      0x19c ./Generated_Code/Cpu.o
                              0x32612 (size before relaxing)
 .debug_str     0x00044b5c      0x177 ./Generated_Code/PE_LDD.o
                              0x324c6 (size before relaxing)
 .debug_str     0x00044cd3       0xd8 ./Generated_Code/PwmLdd1.o
                              0x2be94 (size before relaxing)
 .debug_str     0x00044dab       0x74 ./Generated_Code/PwmLdd2.o
                              0x2be94 (size before relaxing)
 .debug_str     0x00044e1f       0x74 ./Generated_Code/PwmLdd3.o
                              0x2bed0 (size before relaxing)
 .debug_str     0x00044e93       0x74 ./Generated_Code/PwmLdd4.o
                              0x2bed0 (size before relaxing)
 .debug_str     0x00044f07       0x82 ./Generated_Code/PwmLdd5.o
                              0x2bed0 (size before relaxing)
 .debug_str     0x00044f89       0x74 ./Generated_Code/PwmLdd6.o
                              0x2bed0 (size before relaxing)
 .debug_str     0x00044ffd      0x1e4 ./Generated_Code/TU1.o
                              0x2bf5c (size before relaxing)
 .debug_str     0x000451e1      0x13b ./Generated_Code/TU2.o
                              0x2bfc0 (size before relaxing)
 .debug_str     0x0004531c      0x675 ./Generated_Code/UTIL1.o
                              0x2be87 (size before relaxing)
 .debug_str     0x00045991       0x1c ./Generated_Code/Vectors.o
                              0x32363 (size before relaxing)
 .debug_str     0x000459ad       0x84 ./Generated_Code/WAIT1.o
                              0x29efe (size before relaxing)

.debug_frame    0x00000000     0x27a4
 .debug_frame   0x00000000       0x70 ./Sources/Application.o
 .debug_frame   0x00000070      0x3c8 ./Sources/ESP8266.o
 .debug_frame   0x00000438       0x2c ./Sources/Events.o
 .debug_frame   0x00000464      0x130 ./Sources/Motion.o
 .debug_frame   0x00000594       0x48 ./Sources/Shell.o
 .debug_frame   0x000005dc       0x2c ./Sources/main.o
 .debug_frame   0x00000608      0x120 ./Project_Settings/Startup_Code/startup.o
 .debug_frame   0x00000728      0x1c4 ./Generated_Code/AS1.o
 .debug_frame   0x000008ec      0x1c4 ./Generated_Code/AS2.o
 .debug_frame   0x00000ab0       0xf8 ./Generated_Code/ASerialLdd1.o
 .debug_frame   0x00000ba8       0xf8 ./Generated_Code/ASerialLdd2.o
 .debug_frame   0x00000ca0       0xb0 ./Generated_Code/BitIoLdd1.o
 .debug_frame   0x00000d50       0xb0 ./Generated_Code/BitIoLdd10.o
 .debug_frame   0x00000e00       0xb0 ./Generated_Code/BitIoLdd11.o
 .debug_frame   0x00000eb0       0xb0 ./Generated_Code/BitIoLdd12.o
 .debug_frame   0x00000f60       0xb0 ./Generated_Code/BitIoLdd13.o
 .debug_frame   0x00001010       0xb0 ./Generated_Code/BitIoLdd14.o
 .debug_frame   0x000010c0       0xb0 ./Generated_Code/BitIoLdd2.o
 .debug_frame   0x00001170       0xb0 ./Generated_Code/BitIoLdd3.o
 .debug_frame   0x00001220       0xb0 ./Generated_Code/BitIoLdd4.o
 .debug_frame   0x000012d0       0xb0 ./Generated_Code/BitIoLdd5.o
 .debug_frame   0x00001380       0xb0 ./Generated_Code/BitIoLdd6.o
 .debug_frame   0x00001430       0xb0 ./Generated_Code/BitIoLdd7.o
 .debug_frame   0x000014e0       0xb0 ./Generated_Code/BitIoLdd8.o
 .debug_frame   0x00001590       0xb0 ./Generated_Code/BitIoLdd9.o
 .debug_frame   0x00001640      0x398 ./Generated_Code/CLS1.o
 .debug_frame   0x000019d8       0x80 ./Generated_Code/Cpu.o
 .debug_frame   0x00001a58       0x6c ./Generated_Code/PE_LDD.o
 .debug_frame   0x00001ac4       0xb0 ./Generated_Code/PwmLdd1.o
 .debug_frame   0x00001b74       0xb0 ./Generated_Code/PwmLdd2.o
 .debug_frame   0x00001c24       0xb0 ./Generated_Code/PwmLdd3.o
 .debug_frame   0x00001cd4       0xb0 ./Generated_Code/PwmLdd4.o
 .debug_frame   0x00001d84       0xb0 ./Generated_Code/PwmLdd5.o
 .debug_frame   0x00001e34       0xb0 ./Generated_Code/PwmLdd6.o
 .debug_frame   0x00001ee4       0xd0 ./Generated_Code/TU1.o
 .debug_frame   0x00001fb4       0xd0 ./Generated_Code/TU2.o
 .debug_frame   0x00002084      0x690 ./Generated_Code/UTIL1.o
 .debug_frame   0x00002714       0x90 ./Generated_Code/WAIT1.o
